Release 14.7 - xst P.20131013 (nt64)
Copyright (c) 1995-2013 Xilinx, Inc.  All rights reserved.
--> Parameter TMPDIR set to xst/projnav.tmp


Total REAL time to Xst completion: 1.00 secs
Total CPU time to Xst completion: 0.43 secs
 
--> Parameter xsthdpdir set to xst


Total REAL time to Xst completion: 1.00 secs
Total CPU time to Xst completion: 0.43 secs
 
--> Reading design: DIVIDER.prj

TABLE OF CONTENTS
  1) Synthesis Options Summary
  2) HDL Compilation
  3) Design Hierarchy Analysis
  4) HDL Analysis
  5) HDL Synthesis
     5.1) HDL Synthesis Report
  6) Advanced HDL Synthesis
     6.1) Advanced HDL Synthesis Report
  7) Low Level Synthesis
  8) Partition Report
  9) Final Report
	9.1) Device utilization summary
	9.2) Partition Resource Summary
	9.3) TIMING REPORT


=========================================================================
*                      Synthesis Options Summary                        *
=========================================================================
---- Source Parameters
Input File Name                    : "DIVIDER.prj"
Input Format                       : mixed
Ignore Synthesis Constraint File   : NO

---- Target Parameters
Output File Name                   : "DIVIDER"
Output Format                      : NGC
Target Device                      : xc3s200-5-pq208

---- Source Options
Top Module Name                    : DIVIDER
Automatic FSM Extraction           : YES
FSM Encoding Algorithm             : Auto
Safe Implementation                : No
FSM Style                          : LUT
RAM Extraction                     : Yes
RAM Style                          : Auto
ROM Extraction                     : Yes
Mux Style                          : Auto
Decoder Extraction                 : YES
Priority Encoder Extraction        : Yes
Shift Register Extraction          : YES
Logical Shifter Extraction         : YES
XOR Collapsing                     : YES
ROM Style                          : Auto
Mux Extraction                     : Yes
Resource Sharing                   : YES
Asynchronous To Synchronous        : NO
Multiplier Style                   : Auto
Automatic Register Balancing       : No

---- Target Options
Add IO Buffers                     : YES
Global Maximum Fanout              : 100000
Add Generic Clock Buffer(BUFG)     : 8
Register Duplication               : YES
Slice Packing                      : YES
Optimize Instantiated Primitives   : NO
Use Clock Enable                   : Yes
Use Synchronous Set                : Yes
Use Synchronous Reset              : Yes
Pack IO Registers into IOBs        : Auto
Equivalent register Removal        : YES

---- General Options
Optimization Goal                  : Speed
Optimization Effort                : 1
Keep Hierarchy                     : No
Netlist Hierarchy                  : As_Optimized
RTL Output                         : Yes
Global Optimization                : AllClockNets
Read Cores                         : YES
Write Timing Constraints           : NO
Cross Clock Analysis               : NO
Hierarchy Separator                : /
Bus Delimiter                      : <>
Case Specifier                     : Maintain
Slice Utilization Ratio            : 100
BRAM Utilization Ratio             : 100
Verilog 2001                       : YES
Auto BRAM Packing                  : NO
Slice Utilization Ratio Delta      : 5

=========================================================================


=========================================================================
*                          HDL Compilation                              *
=========================================================================
Compiling vhdl file "D:/Xilinx/PRJRL2020/FS.vhd" in Library work.
Architecture rtl of Entity fs is up to date.
Compiling vhdl file "D:/Xilinx/PRJRL2020/COMPARATOR.vhd" in Library work.
Architecture behv of Entity comparator is up to date.
Compiling vhdl file "D:/Xilinx/PRJRL2020/COUNTER_DOWN.vhd" in Library work.
Architecture rtl of Entity counter_down is up to date.
Compiling vhdl file "D:/Xilinx/PRJRL2020/FS32.vhd" in Library work.
Architecture struct of Entity fs32 is up to date.
Compiling vhdl file "D:/Xilinx/PRJRL2020/left_shifter.vhd" in Library work.
Architecture rtl of Entity left_shifter is up to date.
Compiling vhdl file "D:/Xilinx/PRJRL2020/DIVIDER.vhd" in Library work.
Entity <divider> compiled.
Entity <divider> (Architecture <rtl>) compiled.

=========================================================================
*                     Design Hierarchy Analysis                         *
=========================================================================
Analyzing hierarchy for entity <DIVIDER> in library <work> (architecture <rtl>) with generics.
	m = 32

Analyzing hierarchy for entity <Comparator> in library <work> (architecture <behv>) with generics.
	n = 32

Analyzing hierarchy for entity <COUNTER_DOWN> in library <work> (architecture <rtl>) with generics.
	m = 5

Analyzing hierarchy for entity <FS32> in library <work> (architecture <struct>) with generics.
	N = 32

Analyzing hierarchy for entity <left_shifter> in library <work> (architecture <rtl>) with generics.
	N = 32

Analyzing hierarchy for entity <FS> in library <work> (architecture <rtl>).


=========================================================================
*                            HDL Analysis                               *
=========================================================================
Analyzing generic Entity <DIVIDER> in library <work> (Architecture <rtl>).
	m = 32
INFO:Xst:1432 - Contents of array <t_Q> may be accessed with a negative index, causing simulation mismatch.
INFO:Xst:1433 - Contents of array <t_Q> may be accessed with an index that exceeds the array size. This could cause simulation mismatch.
INFO:Xst:1432 - Contents of array <t_Q> may be accessed with a negative index, causing simulation mismatch.
INFO:Xst:1433 - Contents of array <t_Q> may be accessed with an index that exceeds the array size. This could cause simulation mismatch.
Entity <DIVIDER> analyzed. Unit <DIVIDER> generated.

Analyzing generic Entity <Comparator> in library <work> (Architecture <behv>).
	n = 32
Entity <Comparator> analyzed. Unit <Comparator> generated.

Analyzing generic Entity <COUNTER_DOWN> in library <work> (Architecture <rtl>).
	m = 5
WARNING:Xst:819 - "D:/Xilinx/PRJRL2020/COUNTER_DOWN.vhd" line 23: One or more signals are missing in the process sensitivity list. To enable synthesis of FPGA/CPLD hardware, XST will assume that all necessary signals are present in the sensitivity list. Please note that the result of the synthesis may differ from the initial design specification. The missing signals are:
   <t_count>
INFO:Xst:2679 - Register <STOP> in unit <COUNTER_DOWN> has a constant value of 1 during circuit operation. The register is replaced by logic.
Entity <COUNTER_DOWN> analyzed. Unit <COUNTER_DOWN> generated.

Analyzing generic Entity <FS32> in library <work> (Architecture <struct>).
	N = 32
Entity <FS32> analyzed. Unit <FS32> generated.

Analyzing Entity <FS> in library <work> (Architecture <rtl>).
Entity <FS> analyzed. Unit <FS> generated.

Analyzing generic Entity <left_shifter> in library <work> (Architecture <rtl>).
	N = 32
Entity <left_shifter> analyzed. Unit <left_shifter> generated.


=========================================================================
*                           HDL Synthesis                               *
=========================================================================

Performing bidirectional port resolution...

Synthesizing Unit <Comparator>.
    Related source file is "D:/Xilinx/PRJRL2020/COMPARATOR.vhd".
    Found 32-bit comparator less for signal <GRTEQ$cmp_lt0000> created at line 17.
    Summary:
	inferred   1 Comparator(s).
Unit <Comparator> synthesized.


Synthesizing Unit <COUNTER_DOWN>.
    Related source file is "D:/Xilinx/PRJRL2020/COUNTER_DOWN.vhd".
    Found 1-bit 32-to-1 multiplexer for signal <NN>.
    Found 5-bit down counter for signal <t_count>.
    Summary:
	inferred   1 Counter(s).
	inferred   1 Multiplexer(s).
Unit <COUNTER_DOWN> synthesized.


Synthesizing Unit <left_shifter>.
    Related source file is "D:/Xilinx/PRJRL2020/left_shifter.vhd".
WARNING:Xst:647 - Input <R<31>> is never used. This port will be preserved and left unconnected if it belongs to a top-level block or it belongs to a sub-block and the hierarchy of this sub-block is preserved.
Unit <left_shifter> synthesized.


Synthesizing Unit <FS>.
    Related source file is "D:/Xilinx/PRJRL2020/FS.vhd".
    Found 1-bit xor3 for signal <D>.
    Summary:
	inferred   1 Xor(s).
Unit <FS> synthesized.


Synthesizing Unit <FS32>.
    Related source file is "D:/Xilinx/PRJRL2020/FS32.vhd".
Unit <FS32> synthesized.


Synthesizing Unit <DIVIDER>.
    Related source file is "D:/Xilinx/PRJRL2020/DIVIDER.vhd".
WARNING:Xst:646 - Signal <t_cnt> is assigned but never used. This unconnected signal will be trimmed during the optimization process.
WARNING:Xst:646 - Signal <B0> is assigned but never used. This unconnected signal will be trimmed during the optimization process.
    Found 1-bit register for signal <DONE>.
    Found 1-bit register for signal <ERROR>.
    Found 1-bit 32-to-1 multiplexer for signal <N$mux0000> created at line 124.
    Found 32-bit register for signal <t_Q>.
    Found 32-bit register for signal <t_R>.
    Summary:
	inferred  66 D-type flip-flop(s).
	inferred   1 Multiplexer(s).
Unit <DIVIDER> synthesized.


=========================================================================
HDL Synthesis Report

Macro Statistics
# Counters                                             : 1
 5-bit down counter                                    : 1
# Registers                                            : 35
 1-bit register                                        : 34
 32-bit register                                       : 1
# Comparators                                          : 1
 32-bit comparator less                                : 1
# Multiplexers                                         : 2
 1-bit 32-to-1 multiplexer                             : 2
# Xors                                                 : 32
 1-bit xor3                                            : 32

=========================================================================

=========================================================================
*                       Advanced HDL Synthesis                          *
=========================================================================


=========================================================================
Advanced HDL Synthesis Report

Macro Statistics
# Counters                                             : 1
 5-bit down counter                                    : 1
# Registers                                            : 66
 Flip-Flops                                            : 66
# Comparators                                          : 1
 32-bit comparator less                                : 1
# Multiplexers                                         : 2
 1-bit 32-to-1 multiplexer                             : 2
# Xors                                                 : 32
 1-bit xor3                                            : 32

=========================================================================

=========================================================================
*                         Low Level Synthesis                           *
=========================================================================

Optimizing unit <DIVIDER> ...

Mapping all equations...
Building and optimizing final netlist ...
Found area constraint ratio of 100 (+ 5) on block DIVIDER, actual ratio is 5.
FlipFlop inst_COUNTER/t_count_0 has been replicated 1 time(s)
FlipFlop inst_COUNTER/t_count_1 has been replicated 1 time(s)
FlipFlop inst_COUNTER/t_count_2 has been replicated 1 time(s)
FlipFlop inst_COUNTER/t_count_3 has been replicated 1 time(s)

Final Macro Processing ...

=========================================================================
Final Register Report

Macro Statistics
# Registers                                            : 75
 Flip-Flops                                            : 75

=========================================================================

=========================================================================
*                           Partition Report                            *
=========================================================================

Partition Implementation Status
-------------------------------

  No Partitions were found in this design.

-------------------------------

=========================================================================
*                            Final Report                               *
=========================================================================
Final Results
RTL Top Level Output File Name     : DIVIDER.ngr
Top Level Output File Name         : DIVIDER
Output Format                      : NGC
Optimization Goal                  : Speed
Keep Hierarchy                     : No

Design Statistics
# IOs                              : 133

Cell Usage :
# BELS                             : 328
#      GND                         : 1
#      INV                         : 2
#      LUT2                        : 40
#      LUT2_L                      : 1
#      LUT3                        : 97
#      LUT3_D                      : 8
#      LUT3_L                      : 15
#      LUT4                        : 73
#      LUT4_D                      : 11
#      LUT4_L                      : 2
#      MUXCY                       : 40
#      MUXF5                       : 23
#      MUXF6                       : 8
#      MUXF7                       : 4
#      MUXF8                       : 2
#      VCC                         : 1
# FlipFlops/Latches                : 75
#      FDCE                        : 66
#      FDP                         : 9
# Clock Buffers                    : 1
#      BUFGP                       : 1
# IO Buffers                       : 132
#      IBUF                        : 66
#      OBUF                        : 66
=========================================================================

Device utilization summary:
---------------------------

Selected Device : 3s200pq208-5 

 Number of Slices:                      129  out of   1920     6%  
 Number of Slice Flip Flops:             73  out of   3840     1%  
 Number of 4 input LUTs:                249  out of   3840     6%  
 Number of IOs:                         133
 Number of bonded IOBs:                 133  out of    141    94%  
    IOB Flip Flops:                       2
 Number of GCLKs:                         1  out of      8    12%  

---------------------------
Partition Resource Summary:
---------------------------

  No Partitions were found in this design.

---------------------------


=========================================================================
TIMING REPORT

NOTE: THESE TIMING NUMBERS ARE ONLY A SYNTHESIS ESTIMATE.
      FOR ACCURATE TIMING INFORMATION PLEASE REFER TO THE TRACE REPORT
      GENERATED AFTER PLACE-and-ROUTE.

Clock Information:
------------------
-----------------------------------+------------------------+-------+
Clock Signal                       | Clock buffer(FF name)  | Load  |
-----------------------------------+------------------------+-------+
CLK                                | BUFGP                  | 75    |
-----------------------------------+------------------------+-------+

Asynchronous Control Signals Information:
----------------------------------------
-----------------------------------+------------------------+-------+
Control Signal                     | Buffer(FF name)        | Load  |
-----------------------------------+------------------------+-------+
RESET                              | IBUF                   | 75    |
-----------------------------------+------------------------+-------+

Timing Summary:
---------------
Speed Grade: -5

   Minimum period: 9.882ns (Maximum Frequency: 101.197MHz)
   Minimum input arrival time before clock: 10.054ns
   Maximum output required time after clock: 6.441ns
   Maximum combinational path delay: No path found

Timing Detail:
--------------
All values displayed in nanoseconds (ns)

=========================================================================
Timing constraint: Default period analysis for Clock 'CLK'
  Clock period: 9.882ns (frequency: 101.197MHz)
  Total number of paths / destination ports: 11165 / 105
-------------------------------------------------------------------------
Delay:               9.882ns (Levels of Logic = 39)
  Source:            inst_COUNTER/t_count_0_1 (FF)
  Destination:       t_R_29 (FF)
  Source Clock:      CLK rising
  Destination Clock: CLK rising

  Data Path: inst_COUNTER/t_count_0_1 to t_R_29
                                Gate     Net
    Cell:in->out      fanout   Delay   Delay  Logical Name (Net Name)
    ----------------------------------------  ------------
     FDP:C->Q             16   0.626   1.110  inst_COUNTER/t_count_0_1 (inst_COUNTER/t_count_0_1)
     LUT3:I2->O            1   0.479   0.000  inst_COUNTER/Mmux_NN_8_f51 (inst_COUNTER/Mmux_NN_8_f51)
     MUXF5:I0->O           1   0.314   0.000  inst_COUNTER/Mmux_NN_8_f5 (inst_COUNTER/Mmux_NN_8_f5)
     MUXF6:I0->O           1   0.298   0.000  inst_COUNTER/Mmux_NN_6_f6 (inst_COUNTER/Mmux_NN_6_f6)
     MUXF7:I0->O           1   0.298   0.000  inst_COUNTER/Mmux_NN_4_f7 (inst_COUNTER/Mmux_NN_4_f7)
     MUXF8:I0->O           5   0.298   0.953  inst_COUNTER/Mmux_NN_2_f8 (ok)
     LUT2:I1->O            1   0.479   0.000  inst_COMP/Mcompar_GRTEQ_cmp_lt0000_lut<0> (inst_COMP/Mcompar_GRTEQ_cmp_lt0000_lut<0>)
     MUXCY:S->O            1   0.435   0.000  inst_COMP/Mcompar_GRTEQ_cmp_lt0000_cy<0> (inst_COMP/Mcompar_GRTEQ_cmp_lt0000_cy<0>)
     MUXCY:CI->O           1   0.056   0.000  inst_COMP/Mcompar_GRTEQ_cmp_lt0000_cy<1> (inst_COMP/Mcompar_GRTEQ_cmp_lt0000_cy<1>)
     MUXCY:CI->O           1   0.056   0.000  inst_COMP/Mcompar_GRTEQ_cmp_lt0000_cy<2> (inst_COMP/Mcompar_GRTEQ_cmp_lt0000_cy<2>)
     MUXCY:CI->O           1   0.056   0.000  inst_COMP/Mcompar_GRTEQ_cmp_lt0000_cy<3> (inst_COMP/Mcompar_GRTEQ_cmp_lt0000_cy<3>)
     MUXCY:CI->O           1   0.056   0.000  inst_COMP/Mcompar_GRTEQ_cmp_lt0000_cy<4> (inst_COMP/Mcompar_GRTEQ_cmp_lt0000_cy<4>)
     MUXCY:CI->O           1   0.056   0.000  inst_COMP/Mcompar_GRTEQ_cmp_lt0000_cy<5> (inst_COMP/Mcompar_GRTEQ_cmp_lt0000_cy<5>)
     MUXCY:CI->O           1   0.056   0.000  inst_COMP/Mcompar_GRTEQ_cmp_lt0000_cy<6> (inst_COMP/Mcompar_GRTEQ_cmp_lt0000_cy<6>)
     MUXCY:CI->O           1   0.056   0.000  inst_COMP/Mcompar_GRTEQ_cmp_lt0000_cy<7> (inst_COMP/Mcompar_GRTEQ_cmp_lt0000_cy<7>)
     MUXCY:CI->O           1   0.056   0.000  inst_COMP/Mcompar_GRTEQ_cmp_lt0000_cy<8> (inst_COMP/Mcompar_GRTEQ_cmp_lt0000_cy<8>)
     MUXCY:CI->O           1   0.056   0.000  inst_COMP/Mcompar_GRTEQ_cmp_lt0000_cy<9> (inst_COMP/Mcompar_GRTEQ_cmp_lt0000_cy<9>)
     MUXCY:CI->O           1   0.056   0.000  inst_COMP/Mcompar_GRTEQ_cmp_lt0000_cy<10> (inst_COMP/Mcompar_GRTEQ_cmp_lt0000_cy<10>)
     MUXCY:CI->O           1   0.055   0.000  inst_COMP/Mcompar_GRTEQ_cmp_lt0000_cy<11> (inst_COMP/Mcompar_GRTEQ_cmp_lt0000_cy<11>)
     MUXCY:CI->O           1   0.056   0.000  inst_COMP/Mcompar_GRTEQ_cmp_lt0000_cy<12> (inst_COMP/Mcompar_GRTEQ_cmp_lt0000_cy<12>)
     MUXCY:CI->O           1   0.056   0.000  inst_COMP/Mcompar_GRTEQ_cmp_lt0000_cy<13> (inst_COMP/Mcompar_GRTEQ_cmp_lt0000_cy<13>)
     MUXCY:CI->O           1   0.056   0.000  inst_COMP/Mcompar_GRTEQ_cmp_lt0000_cy<14> (inst_COMP/Mcompar_GRTEQ_cmp_lt0000_cy<14>)
     MUXCY:CI->O           1   0.056   0.000  inst_COMP/Mcompar_GRTEQ_cmp_lt0000_cy<15> (inst_COMP/Mcompar_GRTEQ_cmp_lt0000_cy<15>)
     MUXCY:CI->O           1   0.056   0.000  inst_COMP/Mcompar_GRTEQ_cmp_lt0000_cy<16> (inst_COMP/Mcompar_GRTEQ_cmp_lt0000_cy<16>)
     MUXCY:CI->O           1   0.056   0.000  inst_COMP/Mcompar_GRTEQ_cmp_lt0000_cy<17> (inst_COMP/Mcompar_GRTEQ_cmp_lt0000_cy<17>)
     MUXCY:CI->O           1   0.056   0.000  inst_COMP/Mcompar_GRTEQ_cmp_lt0000_cy<18> (inst_COMP/Mcompar_GRTEQ_cmp_lt0000_cy<18>)
     MUXCY:CI->O           1   0.056   0.000  inst_COMP/Mcompar_GRTEQ_cmp_lt0000_cy<19> (inst_COMP/Mcompar_GRTEQ_cmp_lt0000_cy<19>)
     MUXCY:CI->O           1   0.056   0.000  inst_COMP/Mcompar_GRTEQ_cmp_lt0000_cy<20> (inst_COMP/Mcompar_GRTEQ_cmp_lt0000_cy<20>)
     MUXCY:CI->O           1   0.056   0.000  inst_COMP/Mcompar_GRTEQ_cmp_lt0000_cy<21> (inst_COMP/Mcompar_GRTEQ_cmp_lt0000_cy<21>)
     MUXCY:CI->O           1   0.056   0.000  inst_COMP/Mcompar_GRTEQ_cmp_lt0000_cy<22> (inst_COMP/Mcompar_GRTEQ_cmp_lt0000_cy<22>)
     MUXCY:CI->O           1   0.056   0.000  inst_COMP/Mcompar_GRTEQ_cmp_lt0000_cy<23> (inst_COMP/Mcompar_GRTEQ_cmp_lt0000_cy<23>)
     MUXCY:CI->O           1   0.056   0.000  inst_COMP/Mcompar_GRTEQ_cmp_lt0000_cy<24> (inst_COMP/Mcompar_GRTEQ_cmp_lt0000_cy<24>)
     MUXCY:CI->O           1   0.056   0.000  inst_COMP/Mcompar_GRTEQ_cmp_lt0000_cy<25> (inst_COMP/Mcompar_GRTEQ_cmp_lt0000_cy<25>)
     MUXCY:CI->O           1   0.056   0.000  inst_COMP/Mcompar_GRTEQ_cmp_lt0000_cy<26> (inst_COMP/Mcompar_GRTEQ_cmp_lt0000_cy<26>)
     MUXCY:CI->O           1   0.056   0.000  inst_COMP/Mcompar_GRTEQ_cmp_lt0000_cy<27> (inst_COMP/Mcompar_GRTEQ_cmp_lt0000_cy<27>)
     MUXCY:CI->O           1   0.056   0.000  inst_COMP/Mcompar_GRTEQ_cmp_lt0000_cy<28> (inst_COMP/Mcompar_GRTEQ_cmp_lt0000_cy<28>)
     MUXCY:CI->O           1   0.056   0.000  inst_COMP/Mcompar_GRTEQ_cmp_lt0000_cy<29> (inst_COMP/Mcompar_GRTEQ_cmp_lt0000_cy<29>)
     MUXCY:CI->O           1   0.056   0.000  inst_COMP/Mcompar_GRTEQ_cmp_lt0000_cy<30> (inst_COMP/Mcompar_GRTEQ_cmp_lt0000_cy<30>)
     MUXCY:CI->O          64   0.246   2.026  inst_COMP/Mcompar_GRTEQ_cmp_lt0000_cy<31> (inst_COMP/Mcompar_GRTEQ_cmp_lt0000_cy<31>)
     LUT4:I0->O            1   0.479   0.000  t_R_mux0001<29>1 (t_R_mux0001<29>)
     FDCE:D                    0.176          t_R_29
    ----------------------------------------
    Total                      9.882ns (5.793ns logic, 4.089ns route)
                                       (58.6% logic, 41.4% route)

=========================================================================
Timing constraint: Default OFFSET IN BEFORE for Clock 'CLK'
  Total number of paths / destination ports: 11429 / 130
-------------------------------------------------------------------------
Offset:              10.054ns (Levels of Logic = 8)
  Source:            D<6> (PAD)
  Destination:       t_R_25 (FF)
  Destination Clock: CLK rising

  Data Path: D<6> to t_R_25
                                Gate     Net
    Cell:in->out      fanout   Delay   Delay  Logical Name (Net Name)
    ----------------------------------------  ------------
     IBUF:I->O             6   0.715   1.148  D_6_IBUF (D_6_IBUF)
     LUT4:I0->O            2   0.479   0.915  inst_FS32/G1[6].FSN/B01_SW1 (N145)
     LUT3:I1->O            2   0.479   0.745  inst_FS32/G1[5].FSN/B01_SW1 (N172)
     MUXF5:S->O            3   0.540   1.066  inst_FS32/G1[7].FSN/B01_SW1 (N193)
     LUT3:I0->O            4   0.479   0.779  inst_FS32/G1[11].FSN/B01 (inst_FS32/F<12>)
     MUXF5:S->O            6   0.540   0.912  inst_FS32/G1[23].FSN/B01 (inst_FS32/F<24>)
     LUT3_L:I2->LO         1   0.479   0.123  inst_FS32/G1[24].FSN/B01 (inst_FS32/F<25>)
     LUT4:I3->O            1   0.479   0.000  t_R_mux0001<25>1 (t_R_mux0001<25>)
     FDCE:D                    0.176          t_R_25
    ----------------------------------------
    Total                     10.054ns (4.366ns logic, 5.688ns route)
                                       (43.4% logic, 56.6% route)

=========================================================================
Timing constraint: Default OFFSET OUT AFTER for Clock 'CLK'
  Total number of paths / destination ports: 66 / 66
-------------------------------------------------------------------------
Offset:              6.441ns (Levels of Logic = 1)
  Source:            t_R_27 (FF)
  Destination:       R<27> (PAD)
  Source Clock:      CLK rising

  Data Path: t_R_27 to R<27>
                                Gate     Net
    Cell:in->out      fanout   Delay   Delay  Logical Name (Net Name)
    ----------------------------------------  ------------
     FDCE:C->Q             7   0.626   0.906  t_R_27 (t_R_27)
     OBUF:I->O                 4.909          R_27_OBUF (R<27>)
    ----------------------------------------
    Total                      6.441ns (5.535ns logic, 0.906ns route)
                                       (85.9% logic, 14.1% route)

=========================================================================


Total REAL time to Xst completion: 19.00 secs
Total CPU time to Xst completion: 18.92 secs
 
--> 

Total memory usage is 4521528 kilobytes

Number of errors   :    0 (   0 filtered)
Number of warnings :    4 (   0 filtered)
Number of infos    :    5 (   0 filtered)

