--------------------------------------------------------------------------------
Release 14.7 Trace  (nt64)
Copyright (c) 1995-2013 Xilinx, Inc.  All rights reserved.

C:\Xilinx\14.7\ISE_DS\ISE\bin\nt64\unwrapped\trce.exe -intstyle ise -v 3 -s 5
-n 3 -fastpaths -xml RCA4.twx RCA4.ncd -o RCA4.twr RCA4.pcf

Design file:              RCA4.ncd
Physical constraint file: RCA4.pcf
Device,package,speed:     xc3s50,pq208,-5 (PRODUCTION 1.39 2013-10-13)
Report level:             verbose report

Environment Variable      Effect 
--------------------      ------ 
NONE                      No environment variables were set
--------------------------------------------------------------------------------

INFO:Timing:2698 - No timing constraints found, doing default enumeration.
INFO:Timing:3412 - To improve timing, see the Timing Closure User Guide (UG612).
INFO:Timing:2752 - To get complete path coverage, use the unconstrained paths 
   option. All paths that are not constrained will be reported in the 
   unconstrained paths section(s) of the report.
INFO:Timing:3339 - The clock-to-out numbers in this timing report are based on 
   a 50 Ohm transmission line loading model.  For the details of this model, 
   and for more information on accounting for different loading conditions, 
   please see the device datasheet.
INFO:Timing:3390 - This architecture does not support a default System Jitter 
   value, please add SYSTEM_JITTER constraint to the UCF to modify the Clock 
   Uncertainty calculation.
INFO:Timing:3389 - This architecture does not support 'Discrete Jitter' and 
   'Phase Error' calculations, these terms will be zero in the Clock 
   Uncertainty calculation.  Please make appropriate modification to 
   SYSTEM_JITTER to account for the unsupported Discrete Jitter and Phase 
   Error.



Data Sheet report:
-----------------
All values displayed in nanoseconds (ns)

Pad to Pad
---------------+---------------+---------+
Source Pad     |Destination Pad|  Delay  |
---------------+---------------+---------+
CIN            |COUT           |   34.070|
CIN            |S<0>           |    7.252|
CIN            |S<1>           |    8.509|
CIN            |S<2>           |    9.192|
CIN            |S<3>           |    9.950|
CIN            |S<4>           |   11.316|
CIN            |S<5>           |   12.050|
CIN            |S<6>           |   14.060|
CIN            |S<7>           |   14.192|
CIN            |S<8>           |   14.614|
CIN            |S<9>           |   15.623|
CIN            |S<10>          |   16.355|
CIN            |S<11>          |   17.192|
CIN            |S<12>          |   18.267|
CIN            |S<13>          |   19.189|
CIN            |S<14>          |   20.583|
CIN            |S<15>          |   21.758|
CIN            |S<16>          |   22.341|
CIN            |S<17>          |   23.047|
CIN            |S<18>          |   23.388|
CIN            |S<19>          |   24.004|
CIN            |S<20>          |   24.464|
CIN            |S<21>          |   25.159|
CIN            |S<22>          |   26.137|
CIN            |S<23>          |   26.940|
CIN            |S<24>          |   27.951|
CIN            |S<25>          |   28.714|
CIN            |S<26>          |   29.066|
CIN            |S<27>          |   30.798|
CIN            |S<28>          |   31.507|
CIN            |S<29>          |   32.506|
CIN            |S<30>          |   33.006|
CIN            |S<31>          |   34.250|
X<0>           |COUT           |   33.928|
X<0>           |S<0>           |    7.110|
X<0>           |S<1>           |    8.367|
X<0>           |S<2>           |    9.050|
X<0>           |S<3>           |    9.808|
X<0>           |S<4>           |   11.174|
X<0>           |S<5>           |   11.908|
X<0>           |S<6>           |   13.918|
X<0>           |S<7>           |   14.050|
X<0>           |S<8>           |   14.472|
X<0>           |S<9>           |   15.481|
X<0>           |S<10>          |   16.213|
X<0>           |S<11>          |   17.050|
X<0>           |S<12>          |   18.125|
X<0>           |S<13>          |   19.047|
X<0>           |S<14>          |   20.441|
X<0>           |S<15>          |   21.616|
X<0>           |S<16>          |   22.199|
X<0>           |S<17>          |   22.905|
X<0>           |S<18>          |   23.246|
X<0>           |S<19>          |   23.862|
X<0>           |S<20>          |   24.322|
X<0>           |S<21>          |   25.017|
X<0>           |S<22>          |   25.995|
X<0>           |S<23>          |   26.798|
X<0>           |S<24>          |   27.809|
X<0>           |S<25>          |   28.572|
X<0>           |S<26>          |   28.924|
X<0>           |S<27>          |   30.656|
X<0>           |S<28>          |   31.365|
X<0>           |S<29>          |   32.364|
X<0>           |S<30>          |   32.864|
X<0>           |S<31>          |   34.108|
X<1>           |COUT           |   33.010|
X<1>           |S<1>           |    7.452|
X<1>           |S<2>           |    8.132|
X<1>           |S<3>           |    8.890|
X<1>           |S<4>           |   10.256|
X<1>           |S<5>           |   10.990|
X<1>           |S<6>           |   13.000|
X<1>           |S<7>           |   13.132|
X<1>           |S<8>           |   13.554|
X<1>           |S<9>           |   14.563|
X<1>           |S<10>          |   15.295|
X<1>           |S<11>          |   16.132|
X<1>           |S<12>          |   17.207|
X<1>           |S<13>          |   18.129|
X<1>           |S<14>          |   19.523|
X<1>           |S<15>          |   20.698|
X<1>           |S<16>          |   21.281|
X<1>           |S<17>          |   21.987|
X<1>           |S<18>          |   22.328|
X<1>           |S<19>          |   22.944|
X<1>           |S<20>          |   23.404|
X<1>           |S<21>          |   24.099|
X<1>           |S<22>          |   25.077|
X<1>           |S<23>          |   25.880|
X<1>           |S<24>          |   26.891|
X<1>           |S<25>          |   27.654|
X<1>           |S<26>          |   28.006|
X<1>           |S<27>          |   29.738|
X<1>           |S<28>          |   30.447|
X<1>           |S<29>          |   31.446|
X<1>           |S<30>          |   31.946|
X<1>           |S<31>          |   33.190|
X<2>           |COUT           |   31.883|
X<2>           |S<2>           |    7.588|
X<2>           |S<3>           |    7.763|
X<2>           |S<4>           |    9.129|
X<2>           |S<5>           |    9.863|
X<2>           |S<6>           |   11.873|
X<2>           |S<7>           |   12.005|
X<2>           |S<8>           |   12.427|
X<2>           |S<9>           |   13.436|
X<2>           |S<10>          |   14.168|
X<2>           |S<11>          |   15.005|
X<2>           |S<12>          |   16.080|
X<2>           |S<13>          |   17.002|
X<2>           |S<14>          |   18.396|
X<2>           |S<15>          |   19.571|
X<2>           |S<16>          |   20.154|
X<2>           |S<17>          |   20.860|
X<2>           |S<18>          |   21.201|
X<2>           |S<19>          |   21.817|
X<2>           |S<20>          |   22.277|
X<2>           |S<21>          |   22.972|
X<2>           |S<22>          |   23.950|
X<2>           |S<23>          |   24.753|
X<2>           |S<24>          |   25.764|
X<2>           |S<25>          |   26.527|
X<2>           |S<26>          |   26.879|
X<2>           |S<27>          |   28.611|
X<2>           |S<28>          |   29.320|
X<2>           |S<29>          |   30.319|
X<2>           |S<30>          |   30.819|
X<2>           |S<31>          |   32.063|
X<3>           |COUT           |   31.020|
X<3>           |S<3>           |    6.602|
X<3>           |S<4>           |    8.266|
X<3>           |S<5>           |    9.000|
X<3>           |S<6>           |   11.010|
X<3>           |S<7>           |   11.142|
X<3>           |S<8>           |   11.564|
X<3>           |S<9>           |   12.573|
X<3>           |S<10>          |   13.305|
X<3>           |S<11>          |   14.142|
X<3>           |S<12>          |   15.217|
X<3>           |S<13>          |   16.139|
X<3>           |S<14>          |   17.533|
X<3>           |S<15>          |   18.708|
X<3>           |S<16>          |   19.291|
X<3>           |S<17>          |   19.997|
X<3>           |S<18>          |   20.338|
X<3>           |S<19>          |   20.954|
X<3>           |S<20>          |   21.414|
X<3>           |S<21>          |   22.109|
X<3>           |S<22>          |   23.087|
X<3>           |S<23>          |   23.890|
X<3>           |S<24>          |   24.901|
X<3>           |S<25>          |   25.664|
X<3>           |S<26>          |   26.016|
X<3>           |S<27>          |   27.748|
X<3>           |S<28>          |   28.457|
X<3>           |S<29>          |   29.456|
X<3>           |S<30>          |   29.956|
X<3>           |S<31>          |   31.200|
X<4>           |COUT           |   31.071|
X<4>           |S<4>           |    8.317|
X<4>           |S<5>           |    9.051|
X<4>           |S<6>           |   11.061|
X<4>           |S<7>           |   11.193|
X<4>           |S<8>           |   11.615|
X<4>           |S<9>           |   12.624|
X<4>           |S<10>          |   13.356|
X<4>           |S<11>          |   14.193|
X<4>           |S<12>          |   15.268|
X<4>           |S<13>          |   16.190|
X<4>           |S<14>          |   17.584|
X<4>           |S<15>          |   18.759|
X<4>           |S<16>          |   19.342|
X<4>           |S<17>          |   20.048|
X<4>           |S<18>          |   20.389|
X<4>           |S<19>          |   21.005|
X<4>           |S<20>          |   21.465|
X<4>           |S<21>          |   22.160|
X<4>           |S<22>          |   23.138|
X<4>           |S<23>          |   23.941|
X<4>           |S<24>          |   24.952|
X<4>           |S<25>          |   25.715|
X<4>           |S<26>          |   26.067|
X<4>           |S<27>          |   27.799|
X<4>           |S<28>          |   28.508|
X<4>           |S<29>          |   29.507|
X<4>           |S<30>          |   30.007|
X<4>           |S<31>          |   31.251|
X<5>           |COUT           |   29.345|
X<5>           |S<5>           |    7.527|
X<5>           |S<6>           |    9.335|
X<5>           |S<7>           |    9.467|
X<5>           |S<8>           |    9.889|
X<5>           |S<9>           |   10.898|
X<5>           |S<10>          |   11.630|
X<5>           |S<11>          |   12.467|
X<5>           |S<12>          |   13.542|
X<5>           |S<13>          |   14.464|
X<5>           |S<14>          |   15.858|
X<5>           |S<15>          |   17.033|
X<5>           |S<16>          |   17.616|
X<5>           |S<17>          |   18.322|
X<5>           |S<18>          |   18.663|
X<5>           |S<19>          |   19.279|
X<5>           |S<20>          |   19.739|
X<5>           |S<21>          |   20.434|
X<5>           |S<22>          |   21.412|
X<5>           |S<23>          |   22.215|
X<5>           |S<24>          |   23.226|
X<5>           |S<25>          |   23.989|
X<5>           |S<26>          |   24.341|
X<5>           |S<27>          |   26.073|
X<5>           |S<28>          |   26.782|
X<5>           |S<29>          |   27.781|
X<5>           |S<30>          |   28.281|
X<5>           |S<31>          |   29.525|
X<6>           |COUT           |   28.422|
X<6>           |S<6>           |    8.707|
X<6>           |S<7>           |    8.544|
X<6>           |S<8>           |    8.966|
X<6>           |S<9>           |    9.975|
X<6>           |S<10>          |   10.707|
X<6>           |S<11>          |   11.544|
X<6>           |S<12>          |   12.619|
X<6>           |S<13>          |   13.541|
X<6>           |S<14>          |   14.935|
X<6>           |S<15>          |   16.110|
X<6>           |S<16>          |   16.693|
X<6>           |S<17>          |   17.399|
X<6>           |S<18>          |   17.740|
X<6>           |S<19>          |   18.356|
X<6>           |S<20>          |   18.816|
X<6>           |S<21>          |   19.511|
X<6>           |S<22>          |   20.489|
X<6>           |S<23>          |   21.292|
X<6>           |S<24>          |   22.303|
X<6>           |S<25>          |   23.066|
X<6>           |S<26>          |   23.418|
X<6>           |S<27>          |   25.150|
X<6>           |S<28>          |   25.859|
X<6>           |S<29>          |   26.858|
X<6>           |S<30>          |   27.358|
X<6>           |S<31>          |   28.602|
X<7>           |COUT           |   27.932|
X<7>           |S<7>           |    7.748|
X<7>           |S<8>           |    8.476|
X<7>           |S<9>           |    9.485|
X<7>           |S<10>          |   10.217|
X<7>           |S<11>          |   11.054|
X<7>           |S<12>          |   12.129|
X<7>           |S<13>          |   13.051|
X<7>           |S<14>          |   14.445|
X<7>           |S<15>          |   15.620|
X<7>           |S<16>          |   16.203|
X<7>           |S<17>          |   16.909|
X<7>           |S<18>          |   17.250|
X<7>           |S<19>          |   17.866|
X<7>           |S<20>          |   18.326|
X<7>           |S<21>          |   19.021|
X<7>           |S<22>          |   19.999|
X<7>           |S<23>          |   20.802|
X<7>           |S<24>          |   21.813|
X<7>           |S<25>          |   22.576|
X<7>           |S<26>          |   22.928|
X<7>           |S<27>          |   24.660|
X<7>           |S<28>          |   25.369|
X<7>           |S<29>          |   26.368|
X<7>           |S<30>          |   26.868|
X<7>           |S<31>          |   28.112|
X<8>           |COUT           |   26.875|
X<8>           |S<8>           |    7.309|
X<8>           |S<9>           |    8.428|
X<8>           |S<10>          |    9.160|
X<8>           |S<11>          |    9.997|
X<8>           |S<12>          |   11.072|
X<8>           |S<13>          |   11.994|
X<8>           |S<14>          |   13.388|
X<8>           |S<15>          |   14.563|
X<8>           |S<16>          |   15.146|
X<8>           |S<17>          |   15.852|
X<8>           |S<18>          |   16.193|
X<8>           |S<19>          |   16.809|
X<8>           |S<20>          |   17.269|
X<8>           |S<21>          |   17.964|
X<8>           |S<22>          |   18.942|
X<8>           |S<23>          |   19.745|
X<8>           |S<24>          |   20.756|
X<8>           |S<25>          |   21.519|
X<8>           |S<26>          |   21.871|
X<8>           |S<27>          |   23.603|
X<8>           |S<28>          |   24.312|
X<8>           |S<29>          |   25.311|
X<8>           |S<30>          |   25.811|
X<8>           |S<31>          |   27.055|
X<9>           |COUT           |   25.918|
X<9>           |S<9>           |    7.410|
X<9>           |S<10>          |    8.203|
X<9>           |S<11>          |    9.040|
X<9>           |S<12>          |   10.115|
X<9>           |S<13>          |   11.037|
X<9>           |S<14>          |   12.431|
X<9>           |S<15>          |   13.606|
X<9>           |S<16>          |   14.189|
X<9>           |S<17>          |   14.895|
X<9>           |S<18>          |   15.236|
X<9>           |S<19>          |   15.852|
X<9>           |S<20>          |   16.312|
X<9>           |S<21>          |   17.007|
X<9>           |S<22>          |   17.985|
X<9>           |S<23>          |   18.788|
X<9>           |S<24>          |   19.799|
X<9>           |S<25>          |   20.562|
X<9>           |S<26>          |   20.914|
X<9>           |S<27>          |   22.646|
X<9>           |S<28>          |   23.355|
X<9>           |S<29>          |   24.354|
X<9>           |S<30>          |   24.854|
X<9>           |S<31>          |   26.098|
X<10>          |COUT           |   25.650|
X<10>          |S<10>          |    7.563|
X<10>          |S<11>          |    8.772|
X<10>          |S<12>          |    9.847|
X<10>          |S<13>          |   10.769|
X<10>          |S<14>          |   12.163|
X<10>          |S<15>          |   13.338|
X<10>          |S<16>          |   13.921|
X<10>          |S<17>          |   14.627|
X<10>          |S<18>          |   14.968|
X<10>          |S<19>          |   15.584|
X<10>          |S<20>          |   16.044|
X<10>          |S<21>          |   16.739|
X<10>          |S<22>          |   17.717|
X<10>          |S<23>          |   18.520|
X<10>          |S<24>          |   19.531|
X<10>          |S<25>          |   20.294|
X<10>          |S<26>          |   20.646|
X<10>          |S<27>          |   22.378|
X<10>          |S<28>          |   23.087|
X<10>          |S<29>          |   24.086|
X<10>          |S<30>          |   24.586|
X<10>          |S<31>          |   25.830|
X<11>          |COUT           |   24.852|
X<11>          |S<11>          |    8.043|
X<11>          |S<12>          |    9.049|
X<11>          |S<13>          |    9.971|
X<11>          |S<14>          |   11.365|
X<11>          |S<15>          |   12.540|
X<11>          |S<16>          |   13.123|
X<11>          |S<17>          |   13.829|
X<11>          |S<18>          |   14.170|
X<11>          |S<19>          |   14.786|
X<11>          |S<20>          |   15.246|
X<11>          |S<21>          |   15.941|
X<11>          |S<22>          |   16.919|
X<11>          |S<23>          |   17.722|
X<11>          |S<24>          |   18.733|
X<11>          |S<25>          |   19.496|
X<11>          |S<26>          |   19.848|
X<11>          |S<27>          |   21.580|
X<11>          |S<28>          |   22.289|
X<11>          |S<29>          |   23.288|
X<11>          |S<30>          |   23.788|
X<11>          |S<31>          |   25.032|
X<12>          |COUT           |   23.756|
X<12>          |S<12>          |    8.588|
X<12>          |S<13>          |    8.875|
X<12>          |S<14>          |   10.269|
X<12>          |S<15>          |   11.444|
X<12>          |S<16>          |   12.027|
X<12>          |S<17>          |   12.733|
X<12>          |S<18>          |   13.074|
X<12>          |S<19>          |   13.690|
X<12>          |S<20>          |   14.150|
X<12>          |S<21>          |   14.845|
X<12>          |S<22>          |   15.823|
X<12>          |S<23>          |   16.626|
X<12>          |S<24>          |   17.637|
X<12>          |S<25>          |   18.400|
X<12>          |S<26>          |   18.752|
X<12>          |S<27>          |   20.484|
X<12>          |S<28>          |   21.193|
X<12>          |S<29>          |   22.192|
X<12>          |S<30>          |   22.692|
X<12>          |S<31>          |   23.936|
X<13>          |COUT           |   23.627|
X<13>          |S<13>          |    8.385|
X<13>          |S<14>          |   10.140|
X<13>          |S<15>          |   11.315|
X<13>          |S<16>          |   11.898|
X<13>          |S<17>          |   12.604|
X<13>          |S<18>          |   12.945|
X<13>          |S<19>          |   13.561|
X<13>          |S<20>          |   14.021|
X<13>          |S<21>          |   14.716|
X<13>          |S<22>          |   15.694|
X<13>          |S<23>          |   16.497|
X<13>          |S<24>          |   17.508|
X<13>          |S<25>          |   18.271|
X<13>          |S<26>          |   18.623|
X<13>          |S<27>          |   20.355|
X<13>          |S<28>          |   21.064|
X<13>          |S<29>          |   22.063|
X<13>          |S<30>          |   22.563|
X<13>          |S<31>          |   23.807|
X<14>          |COUT           |   22.082|
X<14>          |S<14>          |    9.294|
X<14>          |S<15>          |    9.770|
X<14>          |S<16>          |   10.353|
X<14>          |S<17>          |   11.059|
X<14>          |S<18>          |   11.400|
X<14>          |S<19>          |   12.016|
X<14>          |S<20>          |   12.476|
X<14>          |S<21>          |   13.171|
X<14>          |S<22>          |   14.149|
X<14>          |S<23>          |   14.952|
X<14>          |S<24>          |   15.963|
X<14>          |S<25>          |   16.726|
X<14>          |S<26>          |   17.078|
X<14>          |S<27>          |   18.810|
X<14>          |S<28>          |   19.519|
X<14>          |S<29>          |   20.518|
X<14>          |S<30>          |   21.018|
X<14>          |S<31>          |   22.262|
X<15>          |COUT           |   21.297|
X<15>          |S<15>          |    8.766|
X<15>          |S<16>          |    9.568|
X<15>          |S<17>          |   10.274|
X<15>          |S<18>          |   10.615|
X<15>          |S<19>          |   11.231|
X<15>          |S<20>          |   11.691|
X<15>          |S<21>          |   12.386|
X<15>          |S<22>          |   13.364|
X<15>          |S<23>          |   14.167|
X<15>          |S<24>          |   15.178|
X<15>          |S<25>          |   15.941|
X<15>          |S<26>          |   16.293|
X<15>          |S<27>          |   18.025|
X<15>          |S<28>          |   18.734|
X<15>          |S<29>          |   19.733|
X<15>          |S<30>          |   20.233|
X<15>          |S<31>          |   21.477|
X<16>          |COUT           |   20.717|
X<16>          |S<16>          |    8.722|
X<16>          |S<17>          |    9.694|
X<16>          |S<18>          |   10.035|
X<16>          |S<19>          |   10.651|
X<16>          |S<20>          |   11.111|
X<16>          |S<21>          |   11.806|
X<16>          |S<22>          |   12.784|
X<16>          |S<23>          |   13.587|
X<16>          |S<24>          |   14.598|
X<16>          |S<25>          |   15.361|
X<16>          |S<26>          |   15.713|
X<16>          |S<27>          |   17.445|
X<16>          |S<28>          |   18.154|
X<16>          |S<29>          |   19.153|
X<16>          |S<30>          |   19.653|
X<16>          |S<31>          |   20.897|
X<17>          |COUT           |   20.141|
X<17>          |S<17>          |    8.925|
X<17>          |S<18>          |    9.459|
X<17>          |S<19>          |   10.075|
X<17>          |S<20>          |   10.535|
X<17>          |S<21>          |   11.230|
X<17>          |S<22>          |   12.208|
X<17>          |S<23>          |   13.011|
X<17>          |S<24>          |   14.022|
X<17>          |S<25>          |   14.785|
X<17>          |S<26>          |   15.137|
X<17>          |S<27>          |   16.869|
X<17>          |S<28>          |   17.578|
X<17>          |S<29>          |   18.577|
X<17>          |S<30>          |   19.077|
X<17>          |S<31>          |   20.321|
X<18>          |COUT           |   19.302|
X<18>          |S<18>          |    8.667|
X<18>          |S<19>          |    9.236|
X<18>          |S<20>          |    9.696|
X<18>          |S<21>          |   10.391|
X<18>          |S<22>          |   11.369|
X<18>          |S<23>          |   12.172|
X<18>          |S<24>          |   13.183|
X<18>          |S<25>          |   13.946|
X<18>          |S<26>          |   14.298|
X<18>          |S<27>          |   16.030|
X<18>          |S<28>          |   16.739|
X<18>          |S<29>          |   17.738|
X<18>          |S<30>          |   18.238|
X<18>          |S<31>          |   19.482|
X<19>          |COUT           |   18.629|
X<19>          |S<19>          |    9.124|
X<19>          |S<20>          |    9.023|
X<19>          |S<21>          |    9.718|
X<19>          |S<22>          |   10.696|
X<19>          |S<23>          |   11.499|
X<19>          |S<24>          |   12.510|
X<19>          |S<25>          |   13.273|
X<19>          |S<26>          |   13.625|
X<19>          |S<27>          |   15.357|
X<19>          |S<28>          |   16.066|
X<19>          |S<29>          |   17.065|
X<19>          |S<30>          |   17.565|
X<19>          |S<31>          |   18.809|
X<20>          |COUT           |   18.267|
X<20>          |S<20>          |    8.886|
X<20>          |S<21>          |    9.356|
X<20>          |S<22>          |   10.334|
X<20>          |S<23>          |   11.137|
X<20>          |S<24>          |   12.148|
X<20>          |S<25>          |   12.911|
X<20>          |S<26>          |   13.263|
X<20>          |S<27>          |   14.995|
X<20>          |S<28>          |   15.704|
X<20>          |S<29>          |   16.703|
X<20>          |S<30>          |   17.203|
X<20>          |S<31>          |   18.447|
X<21>          |COUT           |   17.030|
X<21>          |S<21>          |    8.588|
X<21>          |S<22>          |    9.097|
X<21>          |S<23>          |    9.900|
X<21>          |S<24>          |   10.911|
X<21>          |S<25>          |   11.674|
X<21>          |S<26>          |   12.026|
X<21>          |S<27>          |   13.758|
X<21>          |S<28>          |   14.467|
X<21>          |S<29>          |   15.466|
X<21>          |S<30>          |   15.966|
X<21>          |S<31>          |   17.210|
X<22>          |COUT           |   16.092|
X<22>          |S<22>          |    8.684|
X<22>          |S<23>          |    8.962|
X<22>          |S<24>          |    9.973|
X<22>          |S<25>          |   10.736|
X<22>          |S<26>          |   11.088|
X<22>          |S<27>          |   12.820|
X<22>          |S<28>          |   13.529|
X<22>          |S<29>          |   14.528|
X<22>          |S<30>          |   15.028|
X<22>          |S<31>          |   16.272|
X<23>          |COUT           |   15.785|
X<23>          |S<23>          |    8.716|
X<23>          |S<24>          |    9.666|
X<23>          |S<25>          |   10.429|
X<23>          |S<26>          |   10.781|
X<23>          |S<27>          |   12.513|
X<23>          |S<28>          |   13.222|
X<23>          |S<29>          |   14.221|
X<23>          |S<30>          |   14.721|
X<23>          |S<31>          |   15.965|
X<24>          |COUT           |   14.684|
X<24>          |S<24>          |    8.990|
X<24>          |S<25>          |    9.328|
X<24>          |S<26>          |    9.680|
X<24>          |S<27>          |   11.412|
X<24>          |S<28>          |   12.121|
X<24>          |S<29>          |   13.120|
X<24>          |S<30>          |   13.620|
X<24>          |S<31>          |   14.864|
X<25>          |COUT           |   13.697|
X<25>          |S<25>          |    8.080|
X<25>          |S<26>          |    8.693|
X<25>          |S<27>          |   10.425|
X<25>          |S<28>          |   11.134|
X<25>          |S<29>          |   12.133|
X<25>          |S<30>          |   12.633|
X<25>          |S<31>          |   13.877|
X<26>          |COUT           |   13.235|
X<26>          |S<26>          |    8.244|
X<26>          |S<27>          |    9.963|
X<26>          |S<28>          |   10.672|
X<26>          |S<29>          |   11.671|
X<26>          |S<30>          |   12.171|
X<26>          |S<31>          |   13.415|
X<27>          |COUT           |   11.950|
X<27>          |S<27>          |    8.750|
X<27>          |S<28>          |    9.387|
X<27>          |S<29>          |   10.386|
X<27>          |S<30>          |   10.886|
X<27>          |S<31>          |   12.130|
X<28>          |COUT           |   11.058|
X<28>          |S<28>          |    7.851|
X<28>          |S<29>          |    9.494|
X<28>          |S<30>          |    9.994|
X<28>          |S<31>          |   11.238|
X<29>          |COUT           |   11.001|
X<29>          |S<29>          |    8.968|
X<29>          |S<30>          |    9.937|
X<29>          |S<31>          |   11.181|
X<30>          |COUT           |    9.032|
X<30>          |S<30>          |    7.948|
X<30>          |S<31>          |    9.212|
X<31>          |COUT           |    7.974|
X<31>          |S<31>          |    8.170|
Y<0>           |COUT           |   33.736|
Y<0>           |S<0>           |    6.918|
Y<0>           |S<1>           |    8.175|
Y<0>           |S<2>           |    8.858|
Y<0>           |S<3>           |    9.616|
Y<0>           |S<4>           |   10.982|
Y<0>           |S<5>           |   11.716|
Y<0>           |S<6>           |   13.726|
Y<0>           |S<7>           |   13.858|
Y<0>           |S<8>           |   14.280|
Y<0>           |S<9>           |   15.289|
Y<0>           |S<10>          |   16.021|
Y<0>           |S<11>          |   16.858|
Y<0>           |S<12>          |   17.933|
Y<0>           |S<13>          |   18.855|
Y<0>           |S<14>          |   20.249|
Y<0>           |S<15>          |   21.424|
Y<0>           |S<16>          |   22.007|
Y<0>           |S<17>          |   22.713|
Y<0>           |S<18>          |   23.054|
Y<0>           |S<19>          |   23.670|
Y<0>           |S<20>          |   24.130|
Y<0>           |S<21>          |   24.825|
Y<0>           |S<22>          |   25.803|
Y<0>           |S<23>          |   26.606|
Y<0>           |S<24>          |   27.617|
Y<0>           |S<25>          |   28.380|
Y<0>           |S<26>          |   28.732|
Y<0>           |S<27>          |   30.464|
Y<0>           |S<28>          |   31.173|
Y<0>           |S<29>          |   32.172|
Y<0>           |S<30>          |   32.672|
Y<0>           |S<31>          |   33.916|
Y<1>           |COUT           |   33.571|
Y<1>           |S<1>           |    8.374|
Y<1>           |S<2>           |    8.693|
Y<1>           |S<3>           |    9.451|
Y<1>           |S<4>           |   10.817|
Y<1>           |S<5>           |   11.551|
Y<1>           |S<6>           |   13.561|
Y<1>           |S<7>           |   13.693|
Y<1>           |S<8>           |   14.115|
Y<1>           |S<9>           |   15.124|
Y<1>           |S<10>          |   15.856|
Y<1>           |S<11>          |   16.693|
Y<1>           |S<12>          |   17.768|
Y<1>           |S<13>          |   18.690|
Y<1>           |S<14>          |   20.084|
Y<1>           |S<15>          |   21.259|
Y<1>           |S<16>          |   21.842|
Y<1>           |S<17>          |   22.548|
Y<1>           |S<18>          |   22.889|
Y<1>           |S<19>          |   23.505|
Y<1>           |S<20>          |   23.965|
Y<1>           |S<21>          |   24.660|
Y<1>           |S<22>          |   25.638|
Y<1>           |S<23>          |   26.441|
Y<1>           |S<24>          |   27.452|
Y<1>           |S<25>          |   28.215|
Y<1>           |S<26>          |   28.567|
Y<1>           |S<27>          |   30.299|
Y<1>           |S<28>          |   31.008|
Y<1>           |S<29>          |   32.007|
Y<1>           |S<30>          |   32.507|
Y<1>           |S<31>          |   33.751|
Y<2>           |COUT           |   31.996|
Y<2>           |S<2>           |    7.402|
Y<2>           |S<3>           |    7.876|
Y<2>           |S<4>           |    9.242|
Y<2>           |S<5>           |    9.976|
Y<2>           |S<6>           |   11.986|
Y<2>           |S<7>           |   12.118|
Y<2>           |S<8>           |   12.540|
Y<2>           |S<9>           |   13.549|
Y<2>           |S<10>          |   14.281|
Y<2>           |S<11>          |   15.118|
Y<2>           |S<12>          |   16.193|
Y<2>           |S<13>          |   17.115|
Y<2>           |S<14>          |   18.509|
Y<2>           |S<15>          |   19.684|
Y<2>           |S<16>          |   20.267|
Y<2>           |S<17>          |   20.973|
Y<2>           |S<18>          |   21.314|
Y<2>           |S<19>          |   21.930|
Y<2>           |S<20>          |   22.390|
Y<2>           |S<21>          |   23.085|
Y<2>           |S<22>          |   24.063|
Y<2>           |S<23>          |   24.866|
Y<2>           |S<24>          |   25.877|
Y<2>           |S<25>          |   26.640|
Y<2>           |S<26>          |   26.992|
Y<2>           |S<27>          |   28.724|
Y<2>           |S<28>          |   29.433|
Y<2>           |S<29>          |   30.432|
Y<2>           |S<30>          |   30.932|
Y<2>           |S<31>          |   32.176|
Y<3>           |COUT           |   31.551|
Y<3>           |S<3>           |    7.602|
Y<3>           |S<4>           |    8.797|
Y<3>           |S<5>           |    9.531|
Y<3>           |S<6>           |   11.541|
Y<3>           |S<7>           |   11.673|
Y<3>           |S<8>           |   12.095|
Y<3>           |S<9>           |   13.104|
Y<3>           |S<10>          |   13.836|
Y<3>           |S<11>          |   14.673|
Y<3>           |S<12>          |   15.748|
Y<3>           |S<13>          |   16.670|
Y<3>           |S<14>          |   18.064|
Y<3>           |S<15>          |   19.239|
Y<3>           |S<16>          |   19.822|
Y<3>           |S<17>          |   20.528|
Y<3>           |S<18>          |   20.869|
Y<3>           |S<19>          |   21.485|
Y<3>           |S<20>          |   21.945|
Y<3>           |S<21>          |   22.640|
Y<3>           |S<22>          |   23.618|
Y<3>           |S<23>          |   24.421|
Y<3>           |S<24>          |   25.432|
Y<3>           |S<25>          |   26.195|
Y<3>           |S<26>          |   26.547|
Y<3>           |S<27>          |   28.279|
Y<3>           |S<28>          |   28.988|
Y<3>           |S<29>          |   29.987|
Y<3>           |S<30>          |   30.487|
Y<3>           |S<31>          |   31.731|
Y<4>           |COUT           |   30.767|
Y<4>           |S<4>           |    8.013|
Y<4>           |S<5>           |    8.747|
Y<4>           |S<6>           |   10.757|
Y<4>           |S<7>           |   10.889|
Y<4>           |S<8>           |   11.311|
Y<4>           |S<9>           |   12.320|
Y<4>           |S<10>          |   13.052|
Y<4>           |S<11>          |   13.889|
Y<4>           |S<12>          |   14.964|
Y<4>           |S<13>          |   15.886|
Y<4>           |S<14>          |   17.280|
Y<4>           |S<15>          |   18.455|
Y<4>           |S<16>          |   19.038|
Y<4>           |S<17>          |   19.744|
Y<4>           |S<18>          |   20.085|
Y<4>           |S<19>          |   20.701|
Y<4>           |S<20>          |   21.161|
Y<4>           |S<21>          |   21.856|
Y<4>           |S<22>          |   22.834|
Y<4>           |S<23>          |   23.637|
Y<4>           |S<24>          |   24.648|
Y<4>           |S<25>          |   25.411|
Y<4>           |S<26>          |   25.763|
Y<4>           |S<27>          |   27.495|
Y<4>           |S<28>          |   28.204|
Y<4>           |S<29>          |   29.203|
Y<4>           |S<30>          |   29.703|
Y<4>           |S<31>          |   30.947|
Y<5>           |COUT           |   30.474|
Y<5>           |S<5>           |    8.384|
Y<5>           |S<6>           |   10.464|
Y<5>           |S<7>           |   10.596|
Y<5>           |S<8>           |   11.018|
Y<5>           |S<9>           |   12.027|
Y<5>           |S<10>          |   12.759|
Y<5>           |S<11>          |   13.596|
Y<5>           |S<12>          |   14.671|
Y<5>           |S<13>          |   15.593|
Y<5>           |S<14>          |   16.987|
Y<5>           |S<15>          |   18.162|
Y<5>           |S<16>          |   18.745|
Y<5>           |S<17>          |   19.451|
Y<5>           |S<18>          |   19.792|
Y<5>           |S<19>          |   20.408|
Y<5>           |S<20>          |   20.868|
Y<5>           |S<21>          |   21.563|
Y<5>           |S<22>          |   22.541|
Y<5>           |S<23>          |   23.344|
Y<5>           |S<24>          |   24.355|
Y<5>           |S<25>          |   25.118|
Y<5>           |S<26>          |   25.470|
Y<5>           |S<27>          |   27.202|
Y<5>           |S<28>          |   27.911|
Y<5>           |S<29>          |   28.910|
Y<5>           |S<30>          |   29.410|
Y<5>           |S<31>          |   30.654|
Y<6>           |COUT           |   28.270|
Y<6>           |S<6>           |    8.846|
Y<6>           |S<7>           |    8.392|
Y<6>           |S<8>           |    8.814|
Y<6>           |S<9>           |    9.823|
Y<6>           |S<10>          |   10.555|
Y<6>           |S<11>          |   11.392|
Y<6>           |S<12>          |   12.467|
Y<6>           |S<13>          |   13.389|
Y<6>           |S<14>          |   14.783|
Y<6>           |S<15>          |   15.958|
Y<6>           |S<16>          |   16.541|
Y<6>           |S<17>          |   17.247|
Y<6>           |S<18>          |   17.588|
Y<6>           |S<19>          |   18.204|
Y<6>           |S<20>          |   18.664|
Y<6>           |S<21>          |   19.359|
Y<6>           |S<22>          |   20.337|
Y<6>           |S<23>          |   21.140|
Y<6>           |S<24>          |   22.151|
Y<6>           |S<25>          |   22.914|
Y<6>           |S<26>          |   23.266|
Y<6>           |S<27>          |   24.998|
Y<6>           |S<28>          |   25.707|
Y<6>           |S<29>          |   26.706|
Y<6>           |S<30>          |   27.206|
Y<6>           |S<31>          |   28.450|
Y<7>           |COUT           |   27.322|
Y<7>           |S<7>           |    7.110|
Y<7>           |S<8>           |    7.866|
Y<7>           |S<9>           |    8.875|
Y<7>           |S<10>          |    9.607|
Y<7>           |S<11>          |   10.444|
Y<7>           |S<12>          |   11.519|
Y<7>           |S<13>          |   12.441|
Y<7>           |S<14>          |   13.835|
Y<7>           |S<15>          |   15.010|
Y<7>           |S<16>          |   15.593|
Y<7>           |S<17>          |   16.299|
Y<7>           |S<18>          |   16.640|
Y<7>           |S<19>          |   17.256|
Y<7>           |S<20>          |   17.716|
Y<7>           |S<21>          |   18.411|
Y<7>           |S<22>          |   19.389|
Y<7>           |S<23>          |   20.192|
Y<7>           |S<24>          |   21.203|
Y<7>           |S<25>          |   21.966|
Y<7>           |S<26>          |   22.318|
Y<7>           |S<27>          |   24.050|
Y<7>           |S<28>          |   24.759|
Y<7>           |S<29>          |   25.758|
Y<7>           |S<30>          |   26.258|
Y<7>           |S<31>          |   27.502|
Y<8>           |COUT           |   26.981|
Y<8>           |S<8>           |    7.122|
Y<8>           |S<9>           |    8.534|
Y<8>           |S<10>          |    9.266|
Y<8>           |S<11>          |   10.103|
Y<8>           |S<12>          |   11.178|
Y<8>           |S<13>          |   12.100|
Y<8>           |S<14>          |   13.494|
Y<8>           |S<15>          |   14.669|
Y<8>           |S<16>          |   15.252|
Y<8>           |S<17>          |   15.958|
Y<8>           |S<18>          |   16.299|
Y<8>           |S<19>          |   16.915|
Y<8>           |S<20>          |   17.375|
Y<8>           |S<21>          |   18.070|
Y<8>           |S<22>          |   19.048|
Y<8>           |S<23>          |   19.851|
Y<8>           |S<24>          |   20.862|
Y<8>           |S<25>          |   21.625|
Y<8>           |S<26>          |   21.977|
Y<8>           |S<27>          |   23.709|
Y<8>           |S<28>          |   24.418|
Y<8>           |S<29>          |   25.417|
Y<8>           |S<30>          |   25.917|
Y<8>           |S<31>          |   27.161|
Y<9>           |COUT           |   26.693|
Y<9>           |S<9>           |    8.180|
Y<9>           |S<10>          |    8.978|
Y<9>           |S<11>          |    9.815|
Y<9>           |S<12>          |   10.890|
Y<9>           |S<13>          |   11.812|
Y<9>           |S<14>          |   13.206|
Y<9>           |S<15>          |   14.381|
Y<9>           |S<16>          |   14.964|
Y<9>           |S<17>          |   15.670|
Y<9>           |S<18>          |   16.011|
Y<9>           |S<19>          |   16.627|
Y<9>           |S<20>          |   17.087|
Y<9>           |S<21>          |   17.782|
Y<9>           |S<22>          |   18.760|
Y<9>           |S<23>          |   19.563|
Y<9>           |S<24>          |   20.574|
Y<9>           |S<25>          |   21.337|
Y<9>           |S<26>          |   21.689|
Y<9>           |S<27>          |   23.421|
Y<9>           |S<28>          |   24.130|
Y<9>           |S<29>          |   25.129|
Y<9>           |S<30>          |   25.629|
Y<9>           |S<31>          |   26.873|
Y<10>          |COUT           |   25.275|
Y<10>          |S<10>          |    7.637|
Y<10>          |S<11>          |    8.397|
Y<10>          |S<12>          |    9.472|
Y<10>          |S<13>          |   10.394|
Y<10>          |S<14>          |   11.788|
Y<10>          |S<15>          |   12.963|
Y<10>          |S<16>          |   13.546|
Y<10>          |S<17>          |   14.252|
Y<10>          |S<18>          |   14.593|
Y<10>          |S<19>          |   15.209|
Y<10>          |S<20>          |   15.669|
Y<10>          |S<21>          |   16.364|
Y<10>          |S<22>          |   17.342|
Y<10>          |S<23>          |   18.145|
Y<10>          |S<24>          |   19.156|
Y<10>          |S<25>          |   19.919|
Y<10>          |S<26>          |   20.271|
Y<10>          |S<27>          |   22.003|
Y<10>          |S<28>          |   22.712|
Y<10>          |S<29>          |   23.711|
Y<10>          |S<30>          |   24.211|
Y<10>          |S<31>          |   25.455|
Y<11>          |COUT           |   24.301|
Y<11>          |S<11>          |    7.387|
Y<11>          |S<12>          |    8.498|
Y<11>          |S<13>          |    9.420|
Y<11>          |S<14>          |   10.814|
Y<11>          |S<15>          |   11.989|
Y<11>          |S<16>          |   12.572|
Y<11>          |S<17>          |   13.278|
Y<11>          |S<18>          |   13.619|
Y<11>          |S<19>          |   14.235|
Y<11>          |S<20>          |   14.695|
Y<11>          |S<21>          |   15.390|
Y<11>          |S<22>          |   16.368|
Y<11>          |S<23>          |   17.171|
Y<11>          |S<24>          |   18.182|
Y<11>          |S<25>          |   18.945|
Y<11>          |S<26>          |   19.297|
Y<11>          |S<27>          |   21.029|
Y<11>          |S<28>          |   21.738|
Y<11>          |S<29>          |   22.737|
Y<11>          |S<30>          |   23.237|
Y<11>          |S<31>          |   24.481|
Y<12>          |COUT           |   23.772|
Y<12>          |S<12>          |    8.688|
Y<12>          |S<13>          |    8.891|
Y<12>          |S<14>          |   10.285|
Y<12>          |S<15>          |   11.460|
Y<12>          |S<16>          |   12.043|
Y<12>          |S<17>          |   12.749|
Y<12>          |S<18>          |   13.090|
Y<12>          |S<19>          |   13.706|
Y<12>          |S<20>          |   14.166|
Y<12>          |S<21>          |   14.861|
Y<12>          |S<22>          |   15.839|
Y<12>          |S<23>          |   16.642|
Y<12>          |S<24>          |   17.653|
Y<12>          |S<25>          |   18.416|
Y<12>          |S<26>          |   18.768|
Y<12>          |S<27>          |   20.500|
Y<12>          |S<28>          |   21.209|
Y<12>          |S<29>          |   22.208|
Y<12>          |S<30>          |   22.708|
Y<12>          |S<31>          |   23.952|
Y<13>          |COUT           |   23.474|
Y<13>          |S<13>          |    8.295|
Y<13>          |S<14>          |    9.987|
Y<13>          |S<15>          |   11.162|
Y<13>          |S<16>          |   11.745|
Y<13>          |S<17>          |   12.451|
Y<13>          |S<18>          |   12.792|
Y<13>          |S<19>          |   13.408|
Y<13>          |S<20>          |   13.868|
Y<13>          |S<21>          |   14.563|
Y<13>          |S<22>          |   15.541|
Y<13>          |S<23>          |   16.344|
Y<13>          |S<24>          |   17.355|
Y<13>          |S<25>          |   18.118|
Y<13>          |S<26>          |   18.470|
Y<13>          |S<27>          |   20.202|
Y<13>          |S<28>          |   20.911|
Y<13>          |S<29>          |   21.910|
Y<13>          |S<30>          |   22.410|
Y<13>          |S<31>          |   23.654|
Y<14>          |COUT           |   21.539|
Y<14>          |S<14>          |    8.491|
Y<14>          |S<15>          |    9.227|
Y<14>          |S<16>          |    9.810|
Y<14>          |S<17>          |   10.516|
Y<14>          |S<18>          |   10.857|
Y<14>          |S<19>          |   11.473|
Y<14>          |S<20>          |   11.933|
Y<14>          |S<21>          |   12.628|
Y<14>          |S<22>          |   13.606|
Y<14>          |S<23>          |   14.409|
Y<14>          |S<24>          |   15.420|
Y<14>          |S<25>          |   16.183|
Y<14>          |S<26>          |   16.535|
Y<14>          |S<27>          |   18.267|
Y<14>          |S<28>          |   18.976|
Y<14>          |S<29>          |   19.975|
Y<14>          |S<30>          |   20.475|
Y<14>          |S<31>          |   21.719|
Y<15>          |COUT           |   22.128|
Y<15>          |S<15>          |    9.119|
Y<15>          |S<16>          |   10.399|
Y<15>          |S<17>          |   11.105|
Y<15>          |S<18>          |   11.446|
Y<15>          |S<19>          |   12.062|
Y<15>          |S<20>          |   12.522|
Y<15>          |S<21>          |   13.217|
Y<15>          |S<22>          |   14.195|
Y<15>          |S<23>          |   14.998|
Y<15>          |S<24>          |   16.009|
Y<15>          |S<25>          |   16.772|
Y<15>          |S<26>          |   17.124|
Y<15>          |S<27>          |   18.856|
Y<15>          |S<28>          |   19.565|
Y<15>          |S<29>          |   20.564|
Y<15>          |S<30>          |   21.064|
Y<15>          |S<31>          |   22.308|
Y<16>          |COUT           |   20.951|
Y<16>          |S<16>          |    8.976|
Y<16>          |S<17>          |    9.928|
Y<16>          |S<18>          |   10.269|
Y<16>          |S<19>          |   10.885|
Y<16>          |S<20>          |   11.345|
Y<16>          |S<21>          |   12.040|
Y<16>          |S<22>          |   13.018|
Y<16>          |S<23>          |   13.821|
Y<16>          |S<24>          |   14.832|
Y<16>          |S<25>          |   15.595|
Y<16>          |S<26>          |   15.947|
Y<16>          |S<27>          |   17.679|
Y<16>          |S<28>          |   18.388|
Y<16>          |S<29>          |   19.387|
Y<16>          |S<30>          |   19.887|
Y<16>          |S<31>          |   21.131|
Y<17>          |COUT           |   19.911|
Y<17>          |S<17>          |    8.813|
Y<17>          |S<18>          |    9.229|
Y<17>          |S<19>          |    9.845|
Y<17>          |S<20>          |   10.305|
Y<17>          |S<21>          |   11.000|
Y<17>          |S<22>          |   11.978|
Y<17>          |S<23>          |   12.781|
Y<17>          |S<24>          |   13.792|
Y<17>          |S<25>          |   14.555|
Y<17>          |S<26>          |   14.907|
Y<17>          |S<27>          |   16.639|
Y<17>          |S<28>          |   17.348|
Y<17>          |S<29>          |   18.347|
Y<17>          |S<30>          |   18.847|
Y<17>          |S<31>          |   20.091|
Y<18>          |COUT           |   19.427|
Y<18>          |S<18>          |    8.403|
Y<18>          |S<19>          |    9.361|
Y<18>          |S<20>          |    9.821|
Y<18>          |S<21>          |   10.516|
Y<18>          |S<22>          |   11.494|
Y<18>          |S<23>          |   12.297|
Y<18>          |S<24>          |   13.308|
Y<18>          |S<25>          |   14.071|
Y<18>          |S<26>          |   14.423|
Y<18>          |S<27>          |   16.155|
Y<18>          |S<28>          |   16.864|
Y<18>          |S<29>          |   17.863|
Y<18>          |S<30>          |   18.363|
Y<18>          |S<31>          |   19.607|
Y<19>          |COUT           |   18.871|
Y<19>          |S<19>          |    8.428|
Y<19>          |S<20>          |    9.265|
Y<19>          |S<21>          |    9.960|
Y<19>          |S<22>          |   10.938|
Y<19>          |S<23>          |   11.741|
Y<19>          |S<24>          |   12.752|
Y<19>          |S<25>          |   13.515|
Y<19>          |S<26>          |   13.867|
Y<19>          |S<27>          |   15.599|
Y<19>          |S<28>          |   16.308|
Y<19>          |S<29>          |   17.307|
Y<19>          |S<30>          |   17.807|
Y<19>          |S<31>          |   19.051|
Y<20>          |COUT           |   17.744|
Y<20>          |S<20>          |    8.151|
Y<20>          |S<21>          |    8.833|
Y<20>          |S<22>          |    9.811|
Y<20>          |S<23>          |   10.614|
Y<20>          |S<24>          |   11.625|
Y<20>          |S<25>          |   12.388|
Y<20>          |S<26>          |   12.740|
Y<20>          |S<27>          |   14.472|
Y<20>          |S<28>          |   15.181|
Y<20>          |S<29>          |   16.180|
Y<20>          |S<30>          |   16.680|
Y<20>          |S<31>          |   17.924|
Y<21>          |COUT           |   16.909|
Y<21>          |S<21>          |    8.097|
Y<21>          |S<22>          |    8.976|
Y<21>          |S<23>          |    9.779|
Y<21>          |S<24>          |   10.790|
Y<21>          |S<25>          |   11.553|
Y<21>          |S<26>          |   11.905|
Y<21>          |S<27>          |   13.637|
Y<21>          |S<28>          |   14.346|
Y<21>          |S<29>          |   15.345|
Y<21>          |S<30>          |   15.845|
Y<21>          |S<31>          |   17.089|
Y<22>          |COUT           |   15.703|
Y<22>          |S<22>          |    8.296|
Y<22>          |S<23>          |    8.573|
Y<22>          |S<24>          |    9.584|
Y<22>          |S<25>          |   10.347|
Y<22>          |S<26>          |   10.699|
Y<22>          |S<27>          |   12.431|
Y<22>          |S<28>          |   13.140|
Y<22>          |S<29>          |   14.139|
Y<22>          |S<30>          |   14.639|
Y<22>          |S<31>          |   15.883|
Y<23>          |COUT           |   15.369|
Y<23>          |S<23>          |    8.313|
Y<23>          |S<24>          |    9.250|
Y<23>          |S<25>          |   10.013|
Y<23>          |S<26>          |   10.365|
Y<23>          |S<27>          |   12.097|
Y<23>          |S<28>          |   12.806|
Y<23>          |S<29>          |   13.805|
Y<23>          |S<30>          |   14.305|
Y<23>          |S<31>          |   15.549|
Y<24>          |COUT           |   13.577|
Y<24>          |S<24>          |    8.013|
Y<24>          |S<25>          |    8.221|
Y<24>          |S<26>          |    8.573|
Y<24>          |S<27>          |   10.305|
Y<24>          |S<28>          |   11.014|
Y<24>          |S<29>          |   12.013|
Y<24>          |S<30>          |   12.513|
Y<24>          |S<31>          |   13.757|
Y<25>          |COUT           |   13.306|
Y<25>          |S<25>          |    7.470|
Y<25>          |S<26>          |    8.302|
Y<25>          |S<27>          |   10.034|
Y<25>          |S<28>          |   10.743|
Y<25>          |S<29>          |   11.742|
Y<25>          |S<30>          |   12.242|
Y<25>          |S<31>          |   13.486|
Y<26>          |COUT           |   12.693|
Y<26>          |S<26>          |    7.702|
Y<26>          |S<27>          |    9.421|
Y<26>          |S<28>          |   10.130|
Y<26>          |S<29>          |   11.129|
Y<26>          |S<30>          |   11.629|
Y<26>          |S<31>          |   12.873|
Y<27>          |COUT           |   11.430|
Y<27>          |S<27>          |    7.826|
Y<27>          |S<28>          |    8.867|
Y<27>          |S<29>          |    9.866|
Y<27>          |S<30>          |   10.366|
Y<27>          |S<31>          |   11.610|
Y<28>          |COUT           |   10.903|
Y<28>          |S<28>          |    7.697|
Y<28>          |S<29>          |    9.339|
Y<28>          |S<30>          |    9.839|
Y<28>          |S<31>          |   11.083|
Y<29>          |COUT           |    9.933|
Y<29>          |S<29>          |    8.198|
Y<29>          |S<30>          |    8.869|
Y<29>          |S<31>          |   10.113|
Y<30>          |COUT           |    9.280|
Y<30>          |S<30>          |    7.699|
Y<30>          |S<31>          |    9.460|
Y<31>          |COUT           |    8.104|
Y<31>          |S<31>          |    7.986|
---------------+---------------+---------+


Analysis completed Tue May 05 11:39:21 2020 
--------------------------------------------------------------------------------

Trace Settings:
-------------------------
Trace Settings 

Peak Memory Usage: 4487 MB



