--------------------------------------------------------------------------------
Release 14.7 Trace  (nt64)
Copyright (c) 1995-2013 Xilinx, Inc.  All rights reserved.

D:\Xilinx\14.7\ISE_DS\ISE\bin\nt64\unwrapped\trce.exe -intstyle ise -v 3 -s 5
-n 3 -fastpaths -xml FS_Nbit.twx FS_Nbit.ncd -o FS_Nbit.twr FS_Nbit.pcf

Design file:              FS_Nbit.ncd
Physical constraint file: FS_Nbit.pcf
Device,package,speed:     xc3s200,pq208,-5 (PRODUCTION 1.39 2013-10-13)
Report level:             verbose report

Environment Variable      Effect 
--------------------      ------ 
NONE                      No environment variables were set
--------------------------------------------------------------------------------

INFO:Timing:2698 - No timing constraints found, doing default enumeration.
INFO:Timing:3412 - To improve timing, see the Timing Closure User Guide (UG612).
INFO:Timing:2752 - To get complete path coverage, use the unconstrained paths 
   option. All paths that are not constrained will be reported in the 
   unconstrained paths section(s) of the report.
INFO:Timing:3339 - The clock-to-out numbers in this timing report are based on 
   a 50 Ohm transmission line loading model.  For the details of this model, 
   and for more information on accounting for different loading conditions, 
   please see the device datasheet.
INFO:Timing:3390 - This architecture does not support a default System Jitter 
   value, please add SYSTEM_JITTER constraint to the UCF to modify the Clock 
   Uncertainty calculation.
INFO:Timing:3389 - This architecture does not support 'Discrete Jitter' and 
   'Phase Error' calculations, these terms will be zero in the Clock 
   Uncertainty calculation.  Please make appropriate modification to 
   SYSTEM_JITTER to account for the unsupported Discrete Jitter and Phase 
   Error.



Data Sheet report:
-----------------
All values displayed in nanoseconds (ns)

Pad to Pad
---------------+---------------+---------+
Source Pad     |Destination Pad|  Delay  |
---------------+---------------+---------+
BIN            |BOUT           |   35.404|
BIN            |SUB<0>         |    7.913|
BIN            |SUB<1>         |    7.947|
BIN            |SUB<2>         |    8.994|
BIN            |SUB<3>         |   10.082|
BIN            |SUB<4>         |   10.794|
BIN            |SUB<5>         |   13.473|
BIN            |SUB<6>         |   14.602|
BIN            |SUB<7>         |   15.568|
BIN            |SUB<8>         |   16.830|
BIN            |SUB<9>         |   17.261|
BIN            |SUB<10>        |   18.137|
BIN            |SUB<11>        |   18.400|
BIN            |SUB<12>        |   20.025|
BIN            |SUB<13>        |   20.714|
BIN            |SUB<14>        |   20.881|
BIN            |SUB<15>        |   22.011|
BIN            |SUB<16>        |   22.406|
BIN            |SUB<17>        |   23.468|
BIN            |SUB<18>        |   23.969|
BIN            |SUB<19>        |   24.431|
BIN            |SUB<20>        |   26.381|
BIN            |SUB<21>        |   27.494|
BIN            |SUB<22>        |   28.633|
BIN            |SUB<23>        |   29.248|
BIN            |SUB<24>        |   30.667|
BIN            |SUB<25>        |   31.080|
BIN            |SUB<26>        |   31.278|
BIN            |SUB<27>        |   32.465|
BIN            |SUB<28>        |   33.511|
BIN            |SUB<29>        |   33.597|
BIN            |SUB<30>        |   34.083|
BIN            |SUB<31>        |   35.279|
X<0>           |BOUT           |   35.347|
X<0>           |SUB<0>         |    7.856|
X<0>           |SUB<1>         |    7.890|
X<0>           |SUB<2>         |    8.937|
X<0>           |SUB<3>         |   10.025|
X<0>           |SUB<4>         |   10.737|
X<0>           |SUB<5>         |   13.416|
X<0>           |SUB<6>         |   14.545|
X<0>           |SUB<7>         |   15.511|
X<0>           |SUB<8>         |   16.773|
X<0>           |SUB<9>         |   17.204|
X<0>           |SUB<10>        |   18.080|
X<0>           |SUB<11>        |   18.343|
X<0>           |SUB<12>        |   19.968|
X<0>           |SUB<13>        |   20.657|
X<0>           |SUB<14>        |   20.824|
X<0>           |SUB<15>        |   21.954|
X<0>           |SUB<16>        |   22.349|
X<0>           |SUB<17>        |   23.411|
X<0>           |SUB<18>        |   23.912|
X<0>           |SUB<19>        |   24.374|
X<0>           |SUB<20>        |   26.324|
X<0>           |SUB<21>        |   27.437|
X<0>           |SUB<22>        |   28.576|
X<0>           |SUB<23>        |   29.191|
X<0>           |SUB<24>        |   30.610|
X<0>           |SUB<25>        |   31.023|
X<0>           |SUB<26>        |   31.221|
X<0>           |SUB<27>        |   32.408|
X<0>           |SUB<28>        |   33.454|
X<0>           |SUB<29>        |   33.540|
X<0>           |SUB<30>        |   34.026|
X<0>           |SUB<31>        |   35.222|
X<1>           |BOUT           |   34.436|
X<1>           |SUB<1>         |    6.681|
X<1>           |SUB<2>         |    8.026|
X<1>           |SUB<3>         |    9.114|
X<1>           |SUB<4>         |    9.826|
X<1>           |SUB<5>         |   12.505|
X<1>           |SUB<6>         |   13.634|
X<1>           |SUB<7>         |   14.600|
X<1>           |SUB<8>         |   15.862|
X<1>           |SUB<9>         |   16.293|
X<1>           |SUB<10>        |   17.169|
X<1>           |SUB<11>        |   17.432|
X<1>           |SUB<12>        |   19.057|
X<1>           |SUB<13>        |   19.746|
X<1>           |SUB<14>        |   19.913|
X<1>           |SUB<15>        |   21.043|
X<1>           |SUB<16>        |   21.438|
X<1>           |SUB<17>        |   22.500|
X<1>           |SUB<18>        |   23.001|
X<1>           |SUB<19>        |   23.463|
X<1>           |SUB<20>        |   25.413|
X<1>           |SUB<21>        |   26.526|
X<1>           |SUB<22>        |   27.665|
X<1>           |SUB<23>        |   28.280|
X<1>           |SUB<24>        |   29.699|
X<1>           |SUB<25>        |   30.112|
X<1>           |SUB<26>        |   30.310|
X<1>           |SUB<27>        |   31.497|
X<1>           |SUB<28>        |   32.543|
X<1>           |SUB<29>        |   32.629|
X<1>           |SUB<30>        |   33.115|
X<1>           |SUB<31>        |   34.311|
X<2>           |BOUT           |   34.036|
X<2>           |SUB<2>         |    7.609|
X<2>           |SUB<3>         |    8.714|
X<2>           |SUB<4>         |    9.426|
X<2>           |SUB<5>         |   12.105|
X<2>           |SUB<6>         |   13.234|
X<2>           |SUB<7>         |   14.200|
X<2>           |SUB<8>         |   15.462|
X<2>           |SUB<9>         |   15.893|
X<2>           |SUB<10>        |   16.769|
X<2>           |SUB<11>        |   17.032|
X<2>           |SUB<12>        |   18.657|
X<2>           |SUB<13>        |   19.346|
X<2>           |SUB<14>        |   19.513|
X<2>           |SUB<15>        |   20.643|
X<2>           |SUB<16>        |   21.038|
X<2>           |SUB<17>        |   22.100|
X<2>           |SUB<18>        |   22.601|
X<2>           |SUB<19>        |   23.063|
X<2>           |SUB<20>        |   25.013|
X<2>           |SUB<21>        |   26.126|
X<2>           |SUB<22>        |   27.265|
X<2>           |SUB<23>        |   27.880|
X<2>           |SUB<24>        |   29.299|
X<2>           |SUB<25>        |   29.712|
X<2>           |SUB<26>        |   29.910|
X<2>           |SUB<27>        |   31.097|
X<2>           |SUB<28>        |   32.143|
X<2>           |SUB<29>        |   32.229|
X<2>           |SUB<30>        |   32.715|
X<2>           |SUB<31>        |   33.911|
X<3>           |BOUT           |   33.085|
X<3>           |SUB<3>         |    7.391|
X<3>           |SUB<4>         |    8.475|
X<3>           |SUB<5>         |   11.154|
X<3>           |SUB<6>         |   12.283|
X<3>           |SUB<7>         |   13.249|
X<3>           |SUB<8>         |   14.511|
X<3>           |SUB<9>         |   14.942|
X<3>           |SUB<10>        |   15.818|
X<3>           |SUB<11>        |   16.081|
X<3>           |SUB<12>        |   17.706|
X<3>           |SUB<13>        |   18.395|
X<3>           |SUB<14>        |   18.562|
X<3>           |SUB<15>        |   19.692|
X<3>           |SUB<16>        |   20.087|
X<3>           |SUB<17>        |   21.149|
X<3>           |SUB<18>        |   21.650|
X<3>           |SUB<19>        |   22.112|
X<3>           |SUB<20>        |   24.062|
X<3>           |SUB<21>        |   25.175|
X<3>           |SUB<22>        |   26.314|
X<3>           |SUB<23>        |   26.929|
X<3>           |SUB<24>        |   28.348|
X<3>           |SUB<25>        |   28.761|
X<3>           |SUB<26>        |   28.959|
X<3>           |SUB<27>        |   30.146|
X<3>           |SUB<28>        |   31.192|
X<3>           |SUB<29>        |   31.278|
X<3>           |SUB<30>        |   31.764|
X<3>           |SUB<31>        |   32.960|
X<4>           |BOUT           |   31.884|
X<4>           |SUB<4>         |    7.850|
X<4>           |SUB<5>         |    9.953|
X<4>           |SUB<6>         |   11.082|
X<4>           |SUB<7>         |   12.048|
X<4>           |SUB<8>         |   13.310|
X<4>           |SUB<9>         |   13.741|
X<4>           |SUB<10>        |   14.617|
X<4>           |SUB<11>        |   14.880|
X<4>           |SUB<12>        |   16.505|
X<4>           |SUB<13>        |   17.194|
X<4>           |SUB<14>        |   17.361|
X<4>           |SUB<15>        |   18.491|
X<4>           |SUB<16>        |   18.886|
X<4>           |SUB<17>        |   19.948|
X<4>           |SUB<18>        |   20.449|
X<4>           |SUB<19>        |   20.911|
X<4>           |SUB<20>        |   22.861|
X<4>           |SUB<21>        |   23.974|
X<4>           |SUB<22>        |   25.113|
X<4>           |SUB<23>        |   25.728|
X<4>           |SUB<24>        |   27.147|
X<4>           |SUB<25>        |   27.560|
X<4>           |SUB<26>        |   27.758|
X<4>           |SUB<27>        |   28.945|
X<4>           |SUB<28>        |   29.991|
X<4>           |SUB<29>        |   30.077|
X<4>           |SUB<30>        |   30.563|
X<4>           |SUB<31>        |   31.759|
X<5>           |BOUT           |   31.347|
X<5>           |SUB<5>         |    9.235|
X<5>           |SUB<6>         |   10.545|
X<5>           |SUB<7>         |   11.511|
X<5>           |SUB<8>         |   12.773|
X<5>           |SUB<9>         |   13.204|
X<5>           |SUB<10>        |   14.080|
X<5>           |SUB<11>        |   14.343|
X<5>           |SUB<12>        |   15.968|
X<5>           |SUB<13>        |   16.657|
X<5>           |SUB<14>        |   16.824|
X<5>           |SUB<15>        |   17.954|
X<5>           |SUB<16>        |   18.349|
X<5>           |SUB<17>        |   19.411|
X<5>           |SUB<18>        |   19.912|
X<5>           |SUB<19>        |   20.374|
X<5>           |SUB<20>        |   22.324|
X<5>           |SUB<21>        |   23.437|
X<5>           |SUB<22>        |   24.576|
X<5>           |SUB<23>        |   25.191|
X<5>           |SUB<24>        |   26.610|
X<5>           |SUB<25>        |   27.023|
X<5>           |SUB<26>        |   27.221|
X<5>           |SUB<27>        |   28.408|
X<5>           |SUB<28>        |   29.454|
X<5>           |SUB<29>        |   29.540|
X<5>           |SUB<30>        |   30.026|
X<5>           |SUB<31>        |   31.222|
X<6>           |BOUT           |   29.789|
X<6>           |SUB<6>         |    9.279|
X<6>           |SUB<7>         |    9.953|
X<6>           |SUB<8>         |   11.215|
X<6>           |SUB<9>         |   11.646|
X<6>           |SUB<10>        |   12.522|
X<6>           |SUB<11>        |   12.785|
X<6>           |SUB<12>        |   14.410|
X<6>           |SUB<13>        |   15.099|
X<6>           |SUB<14>        |   15.266|
X<6>           |SUB<15>        |   16.396|
X<6>           |SUB<16>        |   16.791|
X<6>           |SUB<17>        |   17.853|
X<6>           |SUB<18>        |   18.354|
X<6>           |SUB<19>        |   18.816|
X<6>           |SUB<20>        |   20.766|
X<6>           |SUB<21>        |   21.879|
X<6>           |SUB<22>        |   23.018|
X<6>           |SUB<23>        |   23.633|
X<6>           |SUB<24>        |   25.052|
X<6>           |SUB<25>        |   25.465|
X<6>           |SUB<26>        |   25.663|
X<6>           |SUB<27>        |   26.850|
X<6>           |SUB<28>        |   27.896|
X<6>           |SUB<29>        |   27.982|
X<6>           |SUB<30>        |   28.468|
X<6>           |SUB<31>        |   29.664|
X<7>           |BOUT           |   28.980|
X<7>           |SUB<7>         |    9.083|
X<7>           |SUB<8>         |   10.406|
X<7>           |SUB<9>         |   10.837|
X<7>           |SUB<10>        |   11.713|
X<7>           |SUB<11>        |   11.976|
X<7>           |SUB<12>        |   13.601|
X<7>           |SUB<13>        |   14.290|
X<7>           |SUB<14>        |   14.457|
X<7>           |SUB<15>        |   15.587|
X<7>           |SUB<16>        |   15.982|
X<7>           |SUB<17>        |   17.044|
X<7>           |SUB<18>        |   17.545|
X<7>           |SUB<19>        |   18.007|
X<7>           |SUB<20>        |   19.957|
X<7>           |SUB<21>        |   21.070|
X<7>           |SUB<22>        |   22.209|
X<7>           |SUB<23>        |   22.824|
X<7>           |SUB<24>        |   24.243|
X<7>           |SUB<25>        |   24.656|
X<7>           |SUB<26>        |   24.854|
X<7>           |SUB<27>        |   26.041|
X<7>           |SUB<28>        |   27.087|
X<7>           |SUB<29>        |   27.173|
X<7>           |SUB<30>        |   27.659|
X<7>           |SUB<31>        |   28.855|
X<8>           |BOUT           |   28.914|
X<8>           |SUB<8>         |   10.320|
X<8>           |SUB<9>         |   10.771|
X<8>           |SUB<10>        |   11.647|
X<8>           |SUB<11>        |   11.910|
X<8>           |SUB<12>        |   13.535|
X<8>           |SUB<13>        |   14.224|
X<8>           |SUB<14>        |   14.391|
X<8>           |SUB<15>        |   15.521|
X<8>           |SUB<16>        |   15.916|
X<8>           |SUB<17>        |   16.978|
X<8>           |SUB<18>        |   17.479|
X<8>           |SUB<19>        |   17.941|
X<8>           |SUB<20>        |   19.891|
X<8>           |SUB<21>        |   21.004|
X<8>           |SUB<22>        |   22.143|
X<8>           |SUB<23>        |   22.758|
X<8>           |SUB<24>        |   24.177|
X<8>           |SUB<25>        |   24.590|
X<8>           |SUB<26>        |   24.788|
X<8>           |SUB<27>        |   25.975|
X<8>           |SUB<28>        |   27.021|
X<8>           |SUB<29>        |   27.107|
X<8>           |SUB<30>        |   27.593|
X<8>           |SUB<31>        |   28.789|
X<9>           |BOUT           |   27.751|
X<9>           |SUB<9>         |    9.922|
X<9>           |SUB<10>        |   10.484|
X<9>           |SUB<11>        |   10.747|
X<9>           |SUB<12>        |   12.372|
X<9>           |SUB<13>        |   13.061|
X<9>           |SUB<14>        |   13.228|
X<9>           |SUB<15>        |   14.358|
X<9>           |SUB<16>        |   14.753|
X<9>           |SUB<17>        |   15.815|
X<9>           |SUB<18>        |   16.316|
X<9>           |SUB<19>        |   16.778|
X<9>           |SUB<20>        |   18.728|
X<9>           |SUB<21>        |   19.841|
X<9>           |SUB<22>        |   20.980|
X<9>           |SUB<23>        |   21.595|
X<9>           |SUB<24>        |   23.014|
X<9>           |SUB<25>        |   23.427|
X<9>           |SUB<26>        |   23.625|
X<9>           |SUB<27>        |   24.812|
X<9>           |SUB<28>        |   25.858|
X<9>           |SUB<29>        |   25.944|
X<9>           |SUB<30>        |   26.430|
X<9>           |SUB<31>        |   27.626|
X<10>          |BOUT           |   26.698|
X<10>          |SUB<10>        |   10.022|
X<10>          |SUB<11>        |    9.694|
X<10>          |SUB<12>        |   11.319|
X<10>          |SUB<13>        |   12.008|
X<10>          |SUB<14>        |   12.175|
X<10>          |SUB<15>        |   13.305|
X<10>          |SUB<16>        |   13.700|
X<10>          |SUB<17>        |   14.762|
X<10>          |SUB<18>        |   15.263|
X<10>          |SUB<19>        |   15.725|
X<10>          |SUB<20>        |   17.675|
X<10>          |SUB<21>        |   18.788|
X<10>          |SUB<22>        |   19.927|
X<10>          |SUB<23>        |   20.542|
X<10>          |SUB<24>        |   21.961|
X<10>          |SUB<25>        |   22.374|
X<10>          |SUB<26>        |   22.572|
X<10>          |SUB<27>        |   23.759|
X<10>          |SUB<28>        |   24.805|
X<10>          |SUB<29>        |   24.891|
X<10>          |SUB<30>        |   25.377|
X<10>          |SUB<31>        |   26.573|
X<11>          |BOUT           |   25.518|
X<11>          |SUB<11>        |    7.760|
X<11>          |SUB<12>        |   10.139|
X<11>          |SUB<13>        |   10.828|
X<11>          |SUB<14>        |   10.995|
X<11>          |SUB<15>        |   12.125|
X<11>          |SUB<16>        |   12.520|
X<11>          |SUB<17>        |   13.582|
X<11>          |SUB<18>        |   14.083|
X<11>          |SUB<19>        |   14.545|
X<11>          |SUB<20>        |   16.495|
X<11>          |SUB<21>        |   17.608|
X<11>          |SUB<22>        |   18.747|
X<11>          |SUB<23>        |   19.362|
X<11>          |SUB<24>        |   20.781|
X<11>          |SUB<25>        |   21.194|
X<11>          |SUB<26>        |   21.392|
X<11>          |SUB<27>        |   22.579|
X<11>          |SUB<28>        |   23.625|
X<11>          |SUB<29>        |   23.711|
X<11>          |SUB<30>        |   24.197|
X<11>          |SUB<31>        |   25.393|
X<12>          |BOUT           |   24.844|
X<12>          |SUB<12>        |    9.465|
X<12>          |SUB<13>        |   10.154|
X<12>          |SUB<14>        |   10.321|
X<12>          |SUB<15>        |   11.451|
X<12>          |SUB<16>        |   11.846|
X<12>          |SUB<17>        |   12.908|
X<12>          |SUB<18>        |   13.409|
X<12>          |SUB<19>        |   13.871|
X<12>          |SUB<20>        |   15.821|
X<12>          |SUB<21>        |   16.934|
X<12>          |SUB<22>        |   18.073|
X<12>          |SUB<23>        |   18.688|
X<12>          |SUB<24>        |   20.107|
X<12>          |SUB<25>        |   20.520|
X<12>          |SUB<26>        |   20.718|
X<12>          |SUB<27>        |   21.905|
X<12>          |SUB<28>        |   22.951|
X<12>          |SUB<29>        |   23.037|
X<12>          |SUB<30>        |   23.523|
X<12>          |SUB<31>        |   24.719|
X<13>          |BOUT           |   24.966|
X<13>          |SUB<13>        |    9.584|
X<13>          |SUB<14>        |   10.443|
X<13>          |SUB<15>        |   11.573|
X<13>          |SUB<16>        |   11.968|
X<13>          |SUB<17>        |   13.030|
X<13>          |SUB<18>        |   13.531|
X<13>          |SUB<19>        |   13.993|
X<13>          |SUB<20>        |   15.943|
X<13>          |SUB<21>        |   17.056|
X<13>          |SUB<22>        |   18.195|
X<13>          |SUB<23>        |   18.810|
X<13>          |SUB<24>        |   20.229|
X<13>          |SUB<25>        |   20.642|
X<13>          |SUB<26>        |   20.840|
X<13>          |SUB<27>        |   22.027|
X<13>          |SUB<28>        |   23.073|
X<13>          |SUB<29>        |   23.159|
X<13>          |SUB<30>        |   23.645|
X<13>          |SUB<31>        |   24.841|
X<14>          |BOUT           |   24.009|
X<14>          |SUB<14>        |    9.182|
X<14>          |SUB<15>        |   10.616|
X<14>          |SUB<16>        |   11.011|
X<14>          |SUB<17>        |   12.073|
X<14>          |SUB<18>        |   12.574|
X<14>          |SUB<19>        |   13.036|
X<14>          |SUB<20>        |   14.986|
X<14>          |SUB<21>        |   16.099|
X<14>          |SUB<22>        |   17.238|
X<14>          |SUB<23>        |   17.853|
X<14>          |SUB<24>        |   19.272|
X<14>          |SUB<25>        |   19.685|
X<14>          |SUB<26>        |   19.883|
X<14>          |SUB<27>        |   21.070|
X<14>          |SUB<28>        |   22.116|
X<14>          |SUB<29>        |   22.202|
X<14>          |SUB<30>        |   22.688|
X<14>          |SUB<31>        |   23.884|
X<15>          |BOUT           |   23.255|
X<15>          |SUB<15>        |    9.492|
X<15>          |SUB<16>        |   10.257|
X<15>          |SUB<17>        |   11.319|
X<15>          |SUB<18>        |   11.820|
X<15>          |SUB<19>        |   12.282|
X<15>          |SUB<20>        |   14.232|
X<15>          |SUB<21>        |   15.345|
X<15>          |SUB<22>        |   16.484|
X<15>          |SUB<23>        |   17.099|
X<15>          |SUB<24>        |   18.518|
X<15>          |SUB<25>        |   18.931|
X<15>          |SUB<26>        |   19.129|
X<15>          |SUB<27>        |   20.316|
X<15>          |SUB<28>        |   21.362|
X<15>          |SUB<29>        |   21.448|
X<15>          |SUB<30>        |   21.934|
X<15>          |SUB<31>        |   23.130|
X<16>          |BOUT           |   21.685|
X<16>          |SUB<16>        |    8.676|
X<16>          |SUB<17>        |    9.749|
X<16>          |SUB<18>        |   10.250|
X<16>          |SUB<19>        |   10.712|
X<16>          |SUB<20>        |   12.662|
X<16>          |SUB<21>        |   13.775|
X<16>          |SUB<22>        |   14.914|
X<16>          |SUB<23>        |   15.529|
X<16>          |SUB<24>        |   16.948|
X<16>          |SUB<25>        |   17.361|
X<16>          |SUB<26>        |   17.559|
X<16>          |SUB<27>        |   18.746|
X<16>          |SUB<28>        |   19.792|
X<16>          |SUB<29>        |   19.878|
X<16>          |SUB<30>        |   20.364|
X<16>          |SUB<31>        |   21.560|
X<17>          |BOUT           |   21.239|
X<17>          |SUB<17>        |    9.199|
X<17>          |SUB<18>        |    9.804|
X<17>          |SUB<19>        |   10.266|
X<17>          |SUB<20>        |   12.216|
X<17>          |SUB<21>        |   13.329|
X<17>          |SUB<22>        |   14.468|
X<17>          |SUB<23>        |   15.083|
X<17>          |SUB<24>        |   16.502|
X<17>          |SUB<25>        |   16.915|
X<17>          |SUB<26>        |   17.113|
X<17>          |SUB<27>        |   18.300|
X<17>          |SUB<28>        |   19.346|
X<17>          |SUB<29>        |   19.432|
X<17>          |SUB<30>        |   19.918|
X<17>          |SUB<31>        |   21.114|
X<18>          |BOUT           |   20.546|
X<18>          |SUB<18>        |    9.396|
X<18>          |SUB<19>        |    9.573|
X<18>          |SUB<20>        |   11.523|
X<18>          |SUB<21>        |   12.636|
X<18>          |SUB<22>        |   13.775|
X<18>          |SUB<23>        |   14.390|
X<18>          |SUB<24>        |   15.809|
X<18>          |SUB<25>        |   16.222|
X<18>          |SUB<26>        |   16.420|
X<18>          |SUB<27>        |   17.607|
X<18>          |SUB<28>        |   18.653|
X<18>          |SUB<29>        |   18.739|
X<18>          |SUB<30>        |   19.225|
X<18>          |SUB<31>        |   20.421|
X<19>          |BOUT           |   20.316|
X<19>          |SUB<19>        |    8.521|
X<19>          |SUB<20>        |   11.293|
X<19>          |SUB<21>        |   12.406|
X<19>          |SUB<22>        |   13.545|
X<19>          |SUB<23>        |   14.160|
X<19>          |SUB<24>        |   15.579|
X<19>          |SUB<25>        |   15.992|
X<19>          |SUB<26>        |   16.190|
X<19>          |SUB<27>        |   17.377|
X<19>          |SUB<28>        |   18.423|
X<19>          |SUB<29>        |   18.509|
X<19>          |SUB<30>        |   18.995|
X<19>          |SUB<31>        |   20.191|
X<20>          |BOUT           |   17.807|
X<20>          |SUB<20>        |    8.481|
X<20>          |SUB<21>        |    9.897|
X<20>          |SUB<22>        |   11.036|
X<20>          |SUB<23>        |   11.651|
X<20>          |SUB<24>        |   13.070|
X<20>          |SUB<25>        |   13.483|
X<20>          |SUB<26>        |   13.681|
X<20>          |SUB<27>        |   14.868|
X<20>          |SUB<28>        |   15.914|
X<20>          |SUB<29>        |   16.000|
X<20>          |SUB<30>        |   16.486|
X<20>          |SUB<31>        |   17.682|
X<21>          |BOUT           |   17.780|
X<21>          |SUB<21>        |    9.401|
X<21>          |SUB<22>        |   11.009|
X<21>          |SUB<23>        |   11.624|
X<21>          |SUB<24>        |   13.043|
X<21>          |SUB<25>        |   13.456|
X<21>          |SUB<26>        |   13.654|
X<21>          |SUB<27>        |   14.841|
X<21>          |SUB<28>        |   15.887|
X<21>          |SUB<29>        |   15.973|
X<21>          |SUB<30>        |   16.459|
X<21>          |SUB<31>        |   17.655|
X<22>          |BOUT           |   15.812|
X<22>          |SUB<22>        |    9.186|
X<22>          |SUB<23>        |    9.656|
X<22>          |SUB<24>        |   11.075|
X<22>          |SUB<25>        |   11.488|
X<22>          |SUB<26>        |   11.686|
X<22>          |SUB<27>        |   12.873|
X<22>          |SUB<28>        |   13.919|
X<22>          |SUB<29>        |   14.005|
X<22>          |SUB<30>        |   14.491|
X<22>          |SUB<31>        |   15.687|
X<23>          |BOUT           |   15.317|
X<23>          |SUB<23>        |    8.863|
X<23>          |SUB<24>        |   10.580|
X<23>          |SUB<25>        |   10.993|
X<23>          |SUB<26>        |   11.191|
X<23>          |SUB<27>        |   12.378|
X<23>          |SUB<28>        |   13.424|
X<23>          |SUB<29>        |   13.510|
X<23>          |SUB<30>        |   13.996|
X<23>          |SUB<31>        |   15.192|
X<24>          |BOUT           |   14.833|
X<24>          |SUB<24>        |    9.635|
X<24>          |SUB<25>        |   10.509|
X<24>          |SUB<26>        |   10.707|
X<24>          |SUB<27>        |   11.894|
X<24>          |SUB<28>        |   12.940|
X<24>          |SUB<29>        |   13.026|
X<24>          |SUB<30>        |   13.512|
X<24>          |SUB<31>        |   14.708|
X<25>          |BOUT           |   14.503|
X<25>          |SUB<25>        |    9.410|
X<25>          |SUB<26>        |   10.377|
X<25>          |SUB<27>        |   11.564|
X<25>          |SUB<28>        |   12.610|
X<25>          |SUB<29>        |   12.696|
X<25>          |SUB<30>        |   13.182|
X<25>          |SUB<31>        |   14.378|
X<26>          |BOUT           |   13.789|
X<26>          |SUB<26>        |    9.502|
X<26>          |SUB<27>        |   10.850|
X<26>          |SUB<28>        |   11.896|
X<26>          |SUB<29>        |   11.982|
X<26>          |SUB<30>        |   12.468|
X<26>          |SUB<31>        |   13.664|
X<27>          |BOUT           |   12.290|
X<27>          |SUB<27>        |    8.882|
X<27>          |SUB<28>        |   10.397|
X<27>          |SUB<29>        |   10.483|
X<27>          |SUB<30>        |   10.969|
X<27>          |SUB<31>        |   12.165|
X<28>          |BOUT           |   11.132|
X<28>          |SUB<28>        |   10.119|
X<28>          |SUB<29>        |    9.325|
X<28>          |SUB<30>        |    9.811|
X<28>          |SUB<31>        |   11.007|
X<29>          |BOUT           |   10.891|
X<29>          |SUB<29>        |    9.255|
X<29>          |SUB<30>        |    9.570|
X<29>          |SUB<31>        |   10.766|
X<30>          |BOUT           |    9.778|
X<30>          |SUB<30>        |    9.344|
X<30>          |SUB<31>        |    9.653|
X<31>          |BOUT           |    9.597|
X<31>          |SUB<31>        |    9.664|
Y<0>           |BOUT           |   34.863|
Y<0>           |SUB<0>         |    7.372|
Y<0>           |SUB<1>         |    7.406|
Y<0>           |SUB<2>         |    8.453|
Y<0>           |SUB<3>         |    9.541|
Y<0>           |SUB<4>         |   10.253|
Y<0>           |SUB<5>         |   12.932|
Y<0>           |SUB<6>         |   14.061|
Y<0>           |SUB<7>         |   15.027|
Y<0>           |SUB<8>         |   16.289|
Y<0>           |SUB<9>         |   16.720|
Y<0>           |SUB<10>        |   17.596|
Y<0>           |SUB<11>        |   17.859|
Y<0>           |SUB<12>        |   19.484|
Y<0>           |SUB<13>        |   20.173|
Y<0>           |SUB<14>        |   20.340|
Y<0>           |SUB<15>        |   21.470|
Y<0>           |SUB<16>        |   21.865|
Y<0>           |SUB<17>        |   22.927|
Y<0>           |SUB<18>        |   23.428|
Y<0>           |SUB<19>        |   23.890|
Y<0>           |SUB<20>        |   25.840|
Y<0>           |SUB<21>        |   26.953|
Y<0>           |SUB<22>        |   28.092|
Y<0>           |SUB<23>        |   28.707|
Y<0>           |SUB<24>        |   30.126|
Y<0>           |SUB<25>        |   30.539|
Y<0>           |SUB<26>        |   30.737|
Y<0>           |SUB<27>        |   31.924|
Y<0>           |SUB<28>        |   32.970|
Y<0>           |SUB<29>        |   33.056|
Y<0>           |SUB<30>        |   33.542|
Y<0>           |SUB<31>        |   34.738|
Y<1>           |BOUT           |   34.880|
Y<1>           |SUB<1>         |    7.439|
Y<1>           |SUB<2>         |    8.470|
Y<1>           |SUB<3>         |    9.558|
Y<1>           |SUB<4>         |   10.270|
Y<1>           |SUB<5>         |   12.949|
Y<1>           |SUB<6>         |   14.078|
Y<1>           |SUB<7>         |   15.044|
Y<1>           |SUB<8>         |   16.306|
Y<1>           |SUB<9>         |   16.737|
Y<1>           |SUB<10>        |   17.613|
Y<1>           |SUB<11>        |   17.876|
Y<1>           |SUB<12>        |   19.501|
Y<1>           |SUB<13>        |   20.190|
Y<1>           |SUB<14>        |   20.357|
Y<1>           |SUB<15>        |   21.487|
Y<1>           |SUB<16>        |   21.882|
Y<1>           |SUB<17>        |   22.944|
Y<1>           |SUB<18>        |   23.445|
Y<1>           |SUB<19>        |   23.907|
Y<1>           |SUB<20>        |   25.857|
Y<1>           |SUB<21>        |   26.970|
Y<1>           |SUB<22>        |   28.109|
Y<1>           |SUB<23>        |   28.724|
Y<1>           |SUB<24>        |   30.143|
Y<1>           |SUB<25>        |   30.556|
Y<1>           |SUB<26>        |   30.754|
Y<1>           |SUB<27>        |   31.941|
Y<1>           |SUB<28>        |   32.987|
Y<1>           |SUB<29>        |   33.073|
Y<1>           |SUB<30>        |   33.559|
Y<1>           |SUB<31>        |   34.755|
Y<2>           |BOUT           |   34.137|
Y<2>           |SUB<2>         |    7.645|
Y<2>           |SUB<3>         |    8.815|
Y<2>           |SUB<4>         |    9.527|
Y<2>           |SUB<5>         |   12.206|
Y<2>           |SUB<6>         |   13.335|
Y<2>           |SUB<7>         |   14.301|
Y<2>           |SUB<8>         |   15.563|
Y<2>           |SUB<9>         |   15.994|
Y<2>           |SUB<10>        |   16.870|
Y<2>           |SUB<11>        |   17.133|
Y<2>           |SUB<12>        |   18.758|
Y<2>           |SUB<13>        |   19.447|
Y<2>           |SUB<14>        |   19.614|
Y<2>           |SUB<15>        |   20.744|
Y<2>           |SUB<16>        |   21.139|
Y<2>           |SUB<17>        |   22.201|
Y<2>           |SUB<18>        |   22.702|
Y<2>           |SUB<19>        |   23.164|
Y<2>           |SUB<20>        |   25.114|
Y<2>           |SUB<21>        |   26.227|
Y<2>           |SUB<22>        |   27.366|
Y<2>           |SUB<23>        |   27.981|
Y<2>           |SUB<24>        |   29.400|
Y<2>           |SUB<25>        |   29.813|
Y<2>           |SUB<26>        |   30.011|
Y<2>           |SUB<27>        |   31.198|
Y<2>           |SUB<28>        |   32.244|
Y<2>           |SUB<29>        |   32.330|
Y<2>           |SUB<30>        |   32.816|
Y<2>           |SUB<31>        |   34.012|
Y<3>           |BOUT           |   33.333|
Y<3>           |SUB<3>         |    8.271|
Y<3>           |SUB<4>         |    8.723|
Y<3>           |SUB<5>         |   11.402|
Y<3>           |SUB<6>         |   12.531|
Y<3>           |SUB<7>         |   13.497|
Y<3>           |SUB<8>         |   14.759|
Y<3>           |SUB<9>         |   15.190|
Y<3>           |SUB<10>        |   16.066|
Y<3>           |SUB<11>        |   16.329|
Y<3>           |SUB<12>        |   17.954|
Y<3>           |SUB<13>        |   18.643|
Y<3>           |SUB<14>        |   18.810|
Y<3>           |SUB<15>        |   19.940|
Y<3>           |SUB<16>        |   20.335|
Y<3>           |SUB<17>        |   21.397|
Y<3>           |SUB<18>        |   21.898|
Y<3>           |SUB<19>        |   22.360|
Y<3>           |SUB<20>        |   24.310|
Y<3>           |SUB<21>        |   25.423|
Y<3>           |SUB<22>        |   26.562|
Y<3>           |SUB<23>        |   27.177|
Y<3>           |SUB<24>        |   28.596|
Y<3>           |SUB<25>        |   29.009|
Y<3>           |SUB<26>        |   29.207|
Y<3>           |SUB<27>        |   30.394|
Y<3>           |SUB<28>        |   31.440|
Y<3>           |SUB<29>        |   31.526|
Y<3>           |SUB<30>        |   32.012|
Y<3>           |SUB<31>        |   33.208|
Y<4>           |BOUT           |   32.272|
Y<4>           |SUB<4>         |    7.662|
Y<4>           |SUB<5>         |   10.341|
Y<4>           |SUB<6>         |   11.470|
Y<4>           |SUB<7>         |   12.436|
Y<4>           |SUB<8>         |   13.698|
Y<4>           |SUB<9>         |   14.129|
Y<4>           |SUB<10>        |   15.005|
Y<4>           |SUB<11>        |   15.268|
Y<4>           |SUB<12>        |   16.893|
Y<4>           |SUB<13>        |   17.582|
Y<4>           |SUB<14>        |   17.749|
Y<4>           |SUB<15>        |   18.879|
Y<4>           |SUB<16>        |   19.274|
Y<4>           |SUB<17>        |   20.336|
Y<4>           |SUB<18>        |   20.837|
Y<4>           |SUB<19>        |   21.299|
Y<4>           |SUB<20>        |   23.249|
Y<4>           |SUB<21>        |   24.362|
Y<4>           |SUB<22>        |   25.501|
Y<4>           |SUB<23>        |   26.116|
Y<4>           |SUB<24>        |   27.535|
Y<4>           |SUB<25>        |   27.948|
Y<4>           |SUB<26>        |   28.146|
Y<4>           |SUB<27>        |   29.333|
Y<4>           |SUB<28>        |   30.379|
Y<4>           |SUB<29>        |   30.465|
Y<4>           |SUB<30>        |   30.951|
Y<4>           |SUB<31>        |   32.147|
Y<5>           |BOUT           |   30.768|
Y<5>           |SUB<5>         |    8.750|
Y<5>           |SUB<6>         |    9.966|
Y<5>           |SUB<7>         |   10.932|
Y<5>           |SUB<8>         |   12.194|
Y<5>           |SUB<9>         |   12.625|
Y<5>           |SUB<10>        |   13.501|
Y<5>           |SUB<11>        |   13.764|
Y<5>           |SUB<12>        |   15.389|
Y<5>           |SUB<13>        |   16.078|
Y<5>           |SUB<14>        |   16.245|
Y<5>           |SUB<15>        |   17.375|
Y<5>           |SUB<16>        |   17.770|
Y<5>           |SUB<17>        |   18.832|
Y<5>           |SUB<18>        |   19.333|
Y<5>           |SUB<19>        |   19.795|
Y<5>           |SUB<20>        |   21.745|
Y<5>           |SUB<21>        |   22.858|
Y<5>           |SUB<22>        |   23.997|
Y<5>           |SUB<23>        |   24.612|
Y<5>           |SUB<24>        |   26.031|
Y<5>           |SUB<25>        |   26.444|
Y<5>           |SUB<26>        |   26.642|
Y<5>           |SUB<27>        |   27.829|
Y<5>           |SUB<28>        |   28.875|
Y<5>           |SUB<29>        |   28.961|
Y<5>           |SUB<30>        |   29.447|
Y<5>           |SUB<31>        |   30.643|
Y<6>           |BOUT           |   29.762|
Y<6>           |SUB<6>         |    8.954|
Y<6>           |SUB<7>         |    9.926|
Y<6>           |SUB<8>         |   11.188|
Y<6>           |SUB<9>         |   11.619|
Y<6>           |SUB<10>        |   12.495|
Y<6>           |SUB<11>        |   12.758|
Y<6>           |SUB<12>        |   14.383|
Y<6>           |SUB<13>        |   15.072|
Y<6>           |SUB<14>        |   15.239|
Y<6>           |SUB<15>        |   16.369|
Y<6>           |SUB<16>        |   16.764|
Y<6>           |SUB<17>        |   17.826|
Y<6>           |SUB<18>        |   18.327|
Y<6>           |SUB<19>        |   18.789|
Y<6>           |SUB<20>        |   20.739|
Y<6>           |SUB<21>        |   21.852|
Y<6>           |SUB<22>        |   22.991|
Y<6>           |SUB<23>        |   23.606|
Y<6>           |SUB<24>        |   25.025|
Y<6>           |SUB<25>        |   25.438|
Y<6>           |SUB<26>        |   25.636|
Y<6>           |SUB<27>        |   26.823|
Y<6>           |SUB<28>        |   27.869|
Y<6>           |SUB<29>        |   27.955|
Y<6>           |SUB<30>        |   28.441|
Y<6>           |SUB<31>        |   29.637|
Y<7>           |BOUT           |   30.140|
Y<7>           |SUB<7>         |   10.238|
Y<7>           |SUB<8>         |   11.566|
Y<7>           |SUB<9>         |   11.997|
Y<7>           |SUB<10>        |   12.873|
Y<7>           |SUB<11>        |   13.136|
Y<7>           |SUB<12>        |   14.761|
Y<7>           |SUB<13>        |   15.450|
Y<7>           |SUB<14>        |   15.617|
Y<7>           |SUB<15>        |   16.747|
Y<7>           |SUB<16>        |   17.142|
Y<7>           |SUB<17>        |   18.204|
Y<7>           |SUB<18>        |   18.705|
Y<7>           |SUB<19>        |   19.167|
Y<7>           |SUB<20>        |   21.117|
Y<7>           |SUB<21>        |   22.230|
Y<7>           |SUB<22>        |   23.369|
Y<7>           |SUB<23>        |   23.984|
Y<7>           |SUB<24>        |   25.403|
Y<7>           |SUB<25>        |   25.816|
Y<7>           |SUB<26>        |   26.014|
Y<7>           |SUB<27>        |   27.201|
Y<7>           |SUB<28>        |   28.247|
Y<7>           |SUB<29>        |   28.333|
Y<7>           |SUB<30>        |   28.819|
Y<7>           |SUB<31>        |   30.015|
Y<8>           |BOUT           |   28.535|
Y<8>           |SUB<8>         |    9.668|
Y<8>           |SUB<9>         |   10.392|
Y<8>           |SUB<10>        |   11.268|
Y<8>           |SUB<11>        |   11.531|
Y<8>           |SUB<12>        |   13.156|
Y<8>           |SUB<13>        |   13.845|
Y<8>           |SUB<14>        |   14.012|
Y<8>           |SUB<15>        |   15.142|
Y<8>           |SUB<16>        |   15.537|
Y<8>           |SUB<17>        |   16.599|
Y<8>           |SUB<18>        |   17.100|
Y<8>           |SUB<19>        |   17.562|
Y<8>           |SUB<20>        |   19.512|
Y<8>           |SUB<21>        |   20.625|
Y<8>           |SUB<22>        |   21.764|
Y<8>           |SUB<23>        |   22.379|
Y<8>           |SUB<24>        |   23.798|
Y<8>           |SUB<25>        |   24.211|
Y<8>           |SUB<26>        |   24.409|
Y<8>           |SUB<27>        |   25.596|
Y<8>           |SUB<28>        |   26.642|
Y<8>           |SUB<29>        |   26.728|
Y<8>           |SUB<30>        |   27.214|
Y<8>           |SUB<31>        |   28.410|
Y<9>           |BOUT           |   28.163|
Y<9>           |SUB<9>         |    9.957|
Y<9>           |SUB<10>        |   10.896|
Y<9>           |SUB<11>        |   11.159|
Y<9>           |SUB<12>        |   12.784|
Y<9>           |SUB<13>        |   13.473|
Y<9>           |SUB<14>        |   13.640|
Y<9>           |SUB<15>        |   14.770|
Y<9>           |SUB<16>        |   15.165|
Y<9>           |SUB<17>        |   16.227|
Y<9>           |SUB<18>        |   16.728|
Y<9>           |SUB<19>        |   17.190|
Y<9>           |SUB<20>        |   19.140|
Y<9>           |SUB<21>        |   20.253|
Y<9>           |SUB<22>        |   21.392|
Y<9>           |SUB<23>        |   22.007|
Y<9>           |SUB<24>        |   23.426|
Y<9>           |SUB<25>        |   23.839|
Y<9>           |SUB<26>        |   24.037|
Y<9>           |SUB<27>        |   25.224|
Y<9>           |SUB<28>        |   26.270|
Y<9>           |SUB<29>        |   26.356|
Y<9>           |SUB<30>        |   26.842|
Y<9>           |SUB<31>        |   28.038|
Y<10>          |BOUT           |   26.579|
Y<10>          |SUB<10>        |    9.903|
Y<10>          |SUB<11>        |    9.575|
Y<10>          |SUB<12>        |   11.200|
Y<10>          |SUB<13>        |   11.889|
Y<10>          |SUB<14>        |   12.056|
Y<10>          |SUB<15>        |   13.186|
Y<10>          |SUB<16>        |   13.581|
Y<10>          |SUB<17>        |   14.643|
Y<10>          |SUB<18>        |   15.144|
Y<10>          |SUB<19>        |   15.606|
Y<10>          |SUB<20>        |   17.556|
Y<10>          |SUB<21>        |   18.669|
Y<10>          |SUB<22>        |   19.808|
Y<10>          |SUB<23>        |   20.423|
Y<10>          |SUB<24>        |   21.842|
Y<10>          |SUB<25>        |   22.255|
Y<10>          |SUB<26>        |   22.453|
Y<10>          |SUB<27>        |   23.640|
Y<10>          |SUB<28>        |   24.686|
Y<10>          |SUB<29>        |   24.772|
Y<10>          |SUB<30>        |   25.258|
Y<10>          |SUB<31>        |   26.454|
Y<11>          |BOUT           |   25.707|
Y<11>          |SUB<11>        |    8.189|
Y<11>          |SUB<12>        |   10.328|
Y<11>          |SUB<13>        |   11.017|
Y<11>          |SUB<14>        |   11.184|
Y<11>          |SUB<15>        |   12.314|
Y<11>          |SUB<16>        |   12.709|
Y<11>          |SUB<17>        |   13.771|
Y<11>          |SUB<18>        |   14.272|
Y<11>          |SUB<19>        |   14.734|
Y<11>          |SUB<20>        |   16.684|
Y<11>          |SUB<21>        |   17.797|
Y<11>          |SUB<22>        |   18.936|
Y<11>          |SUB<23>        |   19.551|
Y<11>          |SUB<24>        |   20.970|
Y<11>          |SUB<25>        |   21.383|
Y<11>          |SUB<26>        |   21.581|
Y<11>          |SUB<27>        |   22.768|
Y<11>          |SUB<28>        |   23.814|
Y<11>          |SUB<29>        |   23.900|
Y<11>          |SUB<30>        |   24.386|
Y<11>          |SUB<31>        |   25.582|
Y<12>          |BOUT           |   24.883|
Y<12>          |SUB<12>        |    9.204|
Y<12>          |SUB<13>        |   10.193|
Y<12>          |SUB<14>        |   10.360|
Y<12>          |SUB<15>        |   11.490|
Y<12>          |SUB<16>        |   11.885|
Y<12>          |SUB<17>        |   12.947|
Y<12>          |SUB<18>        |   13.448|
Y<12>          |SUB<19>        |   13.910|
Y<12>          |SUB<20>        |   15.860|
Y<12>          |SUB<21>        |   16.973|
Y<12>          |SUB<22>        |   18.112|
Y<12>          |SUB<23>        |   18.727|
Y<12>          |SUB<24>        |   20.146|
Y<12>          |SUB<25>        |   20.559|
Y<12>          |SUB<26>        |   20.757|
Y<12>          |SUB<27>        |   21.944|
Y<12>          |SUB<28>        |   22.990|
Y<12>          |SUB<29>        |   23.076|
Y<12>          |SUB<30>        |   23.562|
Y<12>          |SUB<31>        |   24.758|
Y<13>          |BOUT           |   24.633|
Y<13>          |SUB<13>        |    9.622|
Y<13>          |SUB<14>        |   10.110|
Y<13>          |SUB<15>        |   11.240|
Y<13>          |SUB<16>        |   11.635|
Y<13>          |SUB<17>        |   12.697|
Y<13>          |SUB<18>        |   13.198|
Y<13>          |SUB<19>        |   13.660|
Y<13>          |SUB<20>        |   15.610|
Y<13>          |SUB<21>        |   16.723|
Y<13>          |SUB<22>        |   17.862|
Y<13>          |SUB<23>        |   18.477|
Y<13>          |SUB<24>        |   19.896|
Y<13>          |SUB<25>        |   20.309|
Y<13>          |SUB<26>        |   20.507|
Y<13>          |SUB<27>        |   21.694|
Y<13>          |SUB<28>        |   22.740|
Y<13>          |SUB<29>        |   22.826|
Y<13>          |SUB<30>        |   23.312|
Y<13>          |SUB<31>        |   24.508|
Y<14>          |BOUT           |   23.754|
Y<14>          |SUB<14>        |    9.213|
Y<14>          |SUB<15>        |   10.361|
Y<14>          |SUB<16>        |   10.756|
Y<14>          |SUB<17>        |   11.818|
Y<14>          |SUB<18>        |   12.319|
Y<14>          |SUB<19>        |   12.781|
Y<14>          |SUB<20>        |   14.731|
Y<14>          |SUB<21>        |   15.844|
Y<14>          |SUB<22>        |   16.983|
Y<14>          |SUB<23>        |   17.598|
Y<14>          |SUB<24>        |   19.017|
Y<14>          |SUB<25>        |   19.430|
Y<14>          |SUB<26>        |   19.628|
Y<14>          |SUB<27>        |   20.815|
Y<14>          |SUB<28>        |   21.861|
Y<14>          |SUB<29>        |   21.947|
Y<14>          |SUB<30>        |   22.433|
Y<14>          |SUB<31>        |   23.629|
Y<15>          |BOUT           |   22.901|
Y<15>          |SUB<15>        |    9.337|
Y<15>          |SUB<16>        |    9.903|
Y<15>          |SUB<17>        |   10.965|
Y<15>          |SUB<18>        |   11.466|
Y<15>          |SUB<19>        |   11.928|
Y<15>          |SUB<20>        |   13.878|
Y<15>          |SUB<21>        |   14.991|
Y<15>          |SUB<22>        |   16.130|
Y<15>          |SUB<23>        |   16.745|
Y<15>          |SUB<24>        |   18.164|
Y<15>          |SUB<25>        |   18.577|
Y<15>          |SUB<26>        |   18.775|
Y<15>          |SUB<27>        |   19.962|
Y<15>          |SUB<28>        |   21.008|
Y<15>          |SUB<29>        |   21.094|
Y<15>          |SUB<30>        |   21.580|
Y<15>          |SUB<31>        |   22.776|
Y<16>          |BOUT           |   21.553|
Y<16>          |SUB<16>        |    8.820|
Y<16>          |SUB<17>        |    9.617|
Y<16>          |SUB<18>        |   10.118|
Y<16>          |SUB<19>        |   10.580|
Y<16>          |SUB<20>        |   12.530|
Y<16>          |SUB<21>        |   13.643|
Y<16>          |SUB<22>        |   14.782|
Y<16>          |SUB<23>        |   15.397|
Y<16>          |SUB<24>        |   16.816|
Y<16>          |SUB<25>        |   17.229|
Y<16>          |SUB<26>        |   17.427|
Y<16>          |SUB<27>        |   18.614|
Y<16>          |SUB<28>        |   19.660|
Y<16>          |SUB<29>        |   19.746|
Y<16>          |SUB<30>        |   20.232|
Y<16>          |SUB<31>        |   21.428|
Y<17>          |BOUT           |   21.070|
Y<17>          |SUB<17>        |    9.038|
Y<17>          |SUB<18>        |    9.635|
Y<17>          |SUB<19>        |   10.097|
Y<17>          |SUB<20>        |   12.047|
Y<17>          |SUB<21>        |   13.160|
Y<17>          |SUB<22>        |   14.299|
Y<17>          |SUB<23>        |   14.914|
Y<17>          |SUB<24>        |   16.333|
Y<17>          |SUB<25>        |   16.746|
Y<17>          |SUB<26>        |   16.944|
Y<17>          |SUB<27>        |   18.131|
Y<17>          |SUB<28>        |   19.177|
Y<17>          |SUB<29>        |   19.263|
Y<17>          |SUB<30>        |   19.749|
Y<17>          |SUB<31>        |   20.945|
Y<18>          |BOUT           |   19.733|
Y<18>          |SUB<18>        |    8.583|
Y<18>          |SUB<19>        |    8.760|
Y<18>          |SUB<20>        |   10.710|
Y<18>          |SUB<21>        |   11.823|
Y<18>          |SUB<22>        |   12.962|
Y<18>          |SUB<23>        |   13.577|
Y<18>          |SUB<24>        |   14.996|
Y<18>          |SUB<25>        |   15.409|
Y<18>          |SUB<26>        |   15.607|
Y<18>          |SUB<27>        |   16.794|
Y<18>          |SUB<28>        |   17.840|
Y<18>          |SUB<29>        |   17.926|
Y<18>          |SUB<30>        |   18.412|
Y<18>          |SUB<31>        |   19.608|
Y<19>          |BOUT           |   20.219|
Y<19>          |SUB<19>        |    8.440|
Y<19>          |SUB<20>        |   11.196|
Y<19>          |SUB<21>        |   12.309|
Y<19>          |SUB<22>        |   13.448|
Y<19>          |SUB<23>        |   14.063|
Y<19>          |SUB<24>        |   15.482|
Y<19>          |SUB<25>        |   15.895|
Y<19>          |SUB<26>        |   16.093|
Y<19>          |SUB<27>        |   17.280|
Y<19>          |SUB<28>        |   18.326|
Y<19>          |SUB<29>        |   18.412|
Y<19>          |SUB<30>        |   18.898|
Y<19>          |SUB<31>        |   20.094|
Y<20>          |BOUT           |   18.295|
Y<20>          |SUB<20>        |    9.370|
Y<20>          |SUB<21>        |   10.385|
Y<20>          |SUB<22>        |   11.524|
Y<20>          |SUB<23>        |   12.139|
Y<20>          |SUB<24>        |   13.558|
Y<20>          |SUB<25>        |   13.971|
Y<20>          |SUB<26>        |   14.169|
Y<20>          |SUB<27>        |   15.356|
Y<20>          |SUB<28>        |   16.402|
Y<20>          |SUB<29>        |   16.488|
Y<20>          |SUB<30>        |   16.974|
Y<20>          |SUB<31>        |   18.170|
Y<21>          |BOUT           |   17.534|
Y<21>          |SUB<21>        |    9.453|
Y<21>          |SUB<22>        |   10.763|
Y<21>          |SUB<23>        |   11.378|
Y<21>          |SUB<24>        |   12.797|
Y<21>          |SUB<25>        |   13.210|
Y<21>          |SUB<26>        |   13.408|
Y<21>          |SUB<27>        |   14.595|
Y<21>          |SUB<28>        |   15.641|
Y<21>          |SUB<29>        |   15.727|
Y<21>          |SUB<30>        |   16.213|
Y<21>          |SUB<31>        |   17.409|
Y<22>          |BOUT           |   16.776|
Y<22>          |SUB<22>        |   10.213|
Y<22>          |SUB<23>        |   10.620|
Y<22>          |SUB<24>        |   12.039|
Y<22>          |SUB<25>        |   12.452|
Y<22>          |SUB<26>        |   12.650|
Y<22>          |SUB<27>        |   13.837|
Y<22>          |SUB<28>        |   14.883|
Y<22>          |SUB<29>        |   14.969|
Y<22>          |SUB<30>        |   15.455|
Y<22>          |SUB<31>        |   16.651|
Y<23>          |BOUT           |   15.720|
Y<23>          |SUB<23>        |    9.735|
Y<23>          |SUB<24>        |   10.983|
Y<23>          |SUB<25>        |   11.396|
Y<23>          |SUB<26>        |   11.594|
Y<23>          |SUB<27>        |   12.781|
Y<23>          |SUB<28>        |   13.827|
Y<23>          |SUB<29>        |   13.913|
Y<23>          |SUB<30>        |   14.399|
Y<23>          |SUB<31>        |   15.595|
Y<24>          |BOUT           |   14.243|
Y<24>          |SUB<24>        |    9.960|
Y<24>          |SUB<25>        |    9.919|
Y<24>          |SUB<26>        |   10.117|
Y<24>          |SUB<27>        |   11.304|
Y<24>          |SUB<28>        |   12.350|
Y<24>          |SUB<29>        |   12.436|
Y<24>          |SUB<30>        |   12.922|
Y<24>          |SUB<31>        |   14.118|
Y<25>          |BOUT           |   14.130|
Y<25>          |SUB<25>        |    9.017|
Y<25>          |SUB<26>        |   10.004|
Y<25>          |SUB<27>        |   11.191|
Y<25>          |SUB<28>        |   12.237|
Y<25>          |SUB<29>        |   12.323|
Y<25>          |SUB<30>        |   12.809|
Y<25>          |SUB<31>        |   14.005|
Y<26>          |BOUT           |   13.072|
Y<26>          |SUB<26>        |    8.870|
Y<26>          |SUB<27>        |   10.133|
Y<26>          |SUB<28>        |   11.179|
Y<26>          |SUB<29>        |   11.265|
Y<26>          |SUB<30>        |   11.751|
Y<26>          |SUB<31>        |   12.947|
Y<27>          |BOUT           |   12.631|
Y<27>          |SUB<27>        |    9.521|
Y<27>          |SUB<28>        |   10.738|
Y<27>          |SUB<29>        |   10.824|
Y<27>          |SUB<30>        |   11.310|
Y<27>          |SUB<31>        |   12.506|
Y<28>          |BOUT           |   11.731|
Y<28>          |SUB<28>        |    9.838|
Y<28>          |SUB<29>        |    9.924|
Y<28>          |SUB<30>        |   10.410|
Y<28>          |SUB<31>        |   11.606|
Y<29>          |BOUT           |   10.705|
Y<29>          |SUB<29>        |    8.699|
Y<29>          |SUB<30>        |    9.384|
Y<29>          |SUB<31>        |   10.580|
Y<30>          |BOUT           |    9.734|
Y<30>          |SUB<30>        |    9.239|
Y<30>          |SUB<31>        |    9.609|
Y<31>          |BOUT           |   10.362|
Y<31>          |SUB<31>        |    9.690|
---------------+---------------+---------+


Analysis completed Thu Oct 08 12:29:40 2020 
--------------------------------------------------------------------------------

Trace Settings:
-------------------------
Trace Settings 

Peak Memory Usage: 4489 MB



