AR dff rtl "C:/Users/DAVO_/Desktop/Progetto Reti Logiche 2020_21/PROGETTO_RETILOGICHE_2020/DFF.vhd" sub00/vhpl35 1601970448
AR mux_2_1 rtl C:/Users/DAVO_/Desktop/FINAL_PROJECT_RETILOGICHE_2020_2021/PROGETTO_RETILOGICHE_2020/MUX_2_1.vhd sub00/vhpl13 1606403234
AR mux_32_1 rtl C:/Users/DAVO_/Desktop/FINAL_PROJECT_RETILOGICHE_2020_2021/PROGETTO_RETILOGICHE_2020/MUX_32_1.vhd sub00/vhpl17 1606403242
AR to_1bit_error rtl C:/Users/DAVO_/Desktop/FINAL_PROJECT_RETILOGICHE_2020_2021/PROGETTO_RETILOGICHE_2020/TO_1bit_ERROR.vhd sub00/vhpl37 1603620671
AR counter rtl C:/Users/DAVO_/Desktop/FINAL_PROJECT_RETILOGICHE_2020_2021/PROGETTO_RETILOGICHE_2020/COUNTER.vhd sub00/vhpl05 1606403240
EN dff NULL "C:/Users/DAVO_/Desktop/Progetto Reti Logiche 2020_21/PROGETTO_RETILOGICHE_2020/DFF.vhd" sub00/vhpl34 1601970447
AR and_nbit rtl C:/Users/DAVO_/Desktop/FINAL_PROJECT_RETILOGICHE_2020_2021/PROGETTO_RETILOGICHE_2020/AND.vhd sub00/vhpl19 1606403220
EN or_nbit NULL C:/Users/DAVO_/Desktop/FINAL_PROJECT_RETILOGICHE_2020_2021/PROGETTO_RETILOGICHE_2020/OR.vhd sub00/vhpl24 1606403221
AR ffd_detect_level rtl C:/Users/DAVO_/Desktop/FINAL_PROJECT_RETILOGICHE_2020_2021/PROGETTO_RETILOGICHE_2020/FDD_DETECT_LEVEL.vhd sub00/vhpl43 1606403238
EN block_assignment_q NULL C:/Users/DAVO_/Desktop/FINAL_PROJECT_RETILOGICHE_2020_2021/PROGETTO_RETILOGICHE_2020/BLOCK_ASSIGNMENT_Q.vhd sub00/vhpl48 1606403247
EN to_1bit_done NULL C:/Users/DAVO_/Desktop/FINAL_PROJECT_RETILOGICHE_2020_2021/PROGETTO_RETILOGICHE_2020/TO_1bit_DONE.vhd sub00/vhpl38 1602689187
AR block_assignment_q rtl C:/Users/DAVO_/Desktop/FINAL_PROJECT_RETILOGICHE_2020_2021/PROGETTO_RETILOGICHE_2020/BLOCK_ASSIGNMENT_Q.vhd sub00/vhpl49 1606403248
AR block_1_to_32bit rtl C:/Users/DAVO_/Desktop/FINAL_PROJECT_RETILOGICHE_2020_2021/PROGETTO_RETILOGICHE_2020/BLOCK_1_TO_32bit.vhd sub00/vhpl23 1606403218
EN counter_controller NULL C:/Users/DAVO_/Desktop/FINAL_PROJECT_RETILOGICHE_2020_2021/PROGETTO_RETILOGICHE_2020/COUNTER_CONTROLLER.vhd sub00/vhpl44 1606403227
EN mux_2_1 NULL C:/Users/DAVO_/Desktop/FINAL_PROJECT_RETILOGICHE_2020_2021/PROGETTO_RETILOGICHE_2020/MUX_2_1.vhd sub00/vhpl12 1606403233
EN fs NULL C:/Users/DAVO_/Desktop/FINAL_PROJECT_RETILOGICHE_2020_2021/PROGETTO_RETILOGICHE_2020/FS.vhd sub00/vhpl00 1606403215
EN divider NULL C:/Users/DAVO_/Desktop/FINAL_PROJECT_RETILOGICHE_2020_2021/PROGETTO_RETILOGICHE_2020/DIVIDER.vhd sub00/vhpl28 1606403249
AR decoder_5_1 rtl "C:/Users/DAVO_/Desktop/Progetto Reti Logiche 2020_21/PROGETTO_RETILOGICHE_2020/DECODER_5_1.vhd" sub00/vhpl33 1602000644
EN xor_nbit NULL C:/Users/DAVO_/Desktop/FINAL_PROJECT_RETILOGICHE_2020_2021/PROGETTO_RETILOGICHE_2020/XOR.vhd sub00/vhpl08 1606403223
AR fs rtl C:/Users/DAVO_/Desktop/FINAL_PROJECT_RETILOGICHE_2020_2021/PROGETTO_RETILOGICHE_2020/FS.vhd sub00/vhpl01 1606403216
AR decoder_5_32 rtl C:/Users/DAVO_/Desktop/FINAL_PROJECT_RETILOGICHE_2020_2021/PROGETTO_RETILOGICHE_2020/DECODER_5_32.vhd sub00/vhpl21 1606403246
EN ffd NULL C:/Users/DAVO_/Desktop/FINAL_PROJECT_RETILOGICHE_2020_2021/PROGETTO_RETILOGICHE_2020/FFD.vhd sub00/vhpl40 1606403229
EN and_nbit NULL C:/Users/DAVO_/Desktop/FINAL_PROJECT_RETILOGICHE_2020_2021/PROGETTO_RETILOGICHE_2020/AND.vhd sub00/vhpl18 1606403219
EN nand_nbit NULL C:/Users/DAVO_/Desktop/FINAL_PROJECT_RETILOGICHE_2020_2021/PROGETTO_RETILOGICHE_2020/NAND.vhd sub00/vhpl06 1603620640
EN reg_pp NULL C:/Users/DAVO_/Desktop/FINAL_PROJECT_RETILOGICHE_2020_2021/PROGETTO_RETILOGICHE_2020/REG_PP.vhd sub00/vhpl14 1606403235
EN mux_32_1 NULL C:/Users/DAVO_/Desktop/FINAL_PROJECT_RETILOGICHE_2020_2021/PROGETTO_RETILOGICHE_2020/MUX_32_1.vhd sub00/vhpl16 1606403241
EN to_1bit_error NULL C:/Users/DAVO_/Desktop/FINAL_PROJECT_RETILOGICHE_2020_2021/PROGETTO_RETILOGICHE_2020/TO_1bit_ERROR.vhd sub00/vhpl36 1603620670
AR to_1bit_done rtl C:/Users/DAVO_/Desktop/FINAL_PROJECT_RETILOGICHE_2020_2021/PROGETTO_RETILOGICHE_2020/TO_1bit_DONE.vhd sub00/vhpl39 1602689188
AR xor_nbit rtl C:/Users/DAVO_/Desktop/FINAL_PROJECT_RETILOGICHE_2020_2021/PROGETTO_RETILOGICHE_2020/XOR.vhd sub00/vhpl09 1606403224
AR decoder_n_n rtl "C:/Users/DAVO_/Desktop/Progetto Reti Logiche 2020_21/PROGETTO_RETILOGICHE_2020/DECODER_N_N.vhd" sub00/vhpl27 1601801184
AR fs_nbit rtl C:/Users/DAVO_/Desktop/FINAL_PROJECT_RETILOGICHE_2020_2021/PROGETTO_RETILOGICHE_2020/FS_Nbit.vhd sub00/vhpl03 1606403226
AR or_nbit rtl C:/Users/DAVO_/Desktop/FINAL_PROJECT_RETILOGICHE_2020_2021/PROGETTO_RETILOGICHE_2020/OR.vhd sub00/vhpl25 1606403222
AR ffd rtl C:/Users/DAVO_/Desktop/FINAL_PROJECT_RETILOGICHE_2020_2021/PROGETTO_RETILOGICHE_2020/FFD.vhd sub00/vhpl41 1606403230
EN shifter NULL C:/Users/DAVO_/Desktop/FINAL_PROJECT_RETILOGICHE_2020_2021/PROGETTO_RETILOGICHE_2020/SHIFTER.vhd sub00/vhpl10 1606403231
EN counter NULL C:/Users/DAVO_/Desktop/FINAL_PROJECT_RETILOGICHE_2020_2021/PROGETTO_RETILOGICHE_2020/COUNTER.vhd sub00/vhpl04 1606403239
EN decoder_n_n NULL "C:/Users/DAVO_/Desktop/Progetto Reti Logiche 2020_21/PROGETTO_RETILOGICHE_2020/DECODER_N_N.vhd" sub00/vhpl26 1601801266
AR nand_nbit rtl C:/Users/DAVO_/Desktop/FINAL_PROJECT_RETILOGICHE_2020_2021/PROGETTO_RETILOGICHE_2020/NAND.vhd sub00/vhpl07 1603620641
EN fs_nbit NULL C:/Users/DAVO_/Desktop/FINAL_PROJECT_RETILOGICHE_2020_2021/PROGETTO_RETILOGICHE_2020/FS_Nbit.vhd sub00/vhpl02 1606403225
EN ffd_detect_level NULL C:/Users/DAVO_/Desktop/FINAL_PROJECT_RETILOGICHE_2020_2021/PROGETTO_RETILOGICHE_2020/FDD_DETECT_LEVEL.vhd sub00/vhpl42 1606403237
AR counter_controller rtl C:/Users/DAVO_/Desktop/FINAL_PROJECT_RETILOGICHE_2020_2021/PROGETTO_RETILOGICHE_2020/COUNTER_CONTROLLER.vhd sub00/vhpl45 1606403228
AR decoder_32_1 rtl "C:/Users/DAVO_/Desktop/Progetto Reti Logiche 2020_21/PROGETTO_RETILOGICHE_2020/DECODER_32_1.vhd" sub00/vhpl31 1602000642
AR reg_pp rtl C:/Users/DAVO_/Desktop/FINAL_PROJECT_RETILOGICHE_2020_2021/PROGETTO_RETILOGICHE_2020/REG_PP.vhd sub00/vhpl15 1606403236
EN decoder_5_32 NULL C:/Users/DAVO_/Desktop/FINAL_PROJECT_RETILOGICHE_2020_2021/PROGETTO_RETILOGICHE_2020/DECODER_5_32.vhd sub00/vhpl20 1606403245
EN decoder_32_1 NULL "C:/Users/DAVO_/Desktop/Progetto Reti Logiche 2020_21/PROGETTO_RETILOGICHE_2020/DECODER_32_1.vhd" sub00/vhpl30 1602000641
EN decoder_5_1 NULL "C:/Users/DAVO_/Desktop/Progetto Reti Logiche 2020_21/PROGETTO_RETILOGICHE_2020/DECODER_5_1.vhd" sub00/vhpl32 1602000643
EN block_1_to_32bit NULL C:/Users/DAVO_/Desktop/FINAL_PROJECT_RETILOGICHE_2020_2021/PROGETTO_RETILOGICHE_2020/BLOCK_1_TO_32bit.vhd sub00/vhpl22 1606403217
AR block_error_check rtl C:/Users/DAVO_/Desktop/FINAL_PROJECT_RETILOGICHE_2020_2021/PROGETTO_RETILOGICHE_2020/BLOCK_ERROR_CHECK.vhd sub00/vhpl47 1606403244
EN block_error_check NULL C:/Users/DAVO_/Desktop/FINAL_PROJECT_RETILOGICHE_2020_2021/PROGETTO_RETILOGICHE_2020/BLOCK_ERROR_CHECK.vhd sub00/vhpl46 1606403243
AR divider rtl C:/Users/DAVO_/Desktop/FINAL_PROJECT_RETILOGICHE_2020_2021/PROGETTO_RETILOGICHE_2020/DIVIDER.vhd sub00/vhpl29 1606403250
AR shifter rtl C:/Users/DAVO_/Desktop/FINAL_PROJECT_RETILOGICHE_2020_2021/PROGETTO_RETILOGICHE_2020/SHIFTER.vhd sub00/vhpl11 1606403232
