V3 109
FL C:/Users/DAVO_/Desktop/FINAL_PROJECT_RETILOGICHE_2020_2021/PROGETTO_RETILOGICHE_2020/AND.vhd 2020/10/25.21:22:32 P.20131013
EN work/AND_Nbit 1606403219 \
      FL C:/Users/DAVO_/Desktop/FINAL_PROJECT_RETILOGICHE_2020_2021/PROGETTO_RETILOGICHE_2020/AND.vhd \
      PB ieee/std_logic_1164 1381692176
AR work/AND_Nbit/RTL 1606403220 \
      FL C:/Users/DAVO_/Desktop/FINAL_PROJECT_RETILOGICHE_2020_2021/PROGETTO_RETILOGICHE_2020/AND.vhd \
      EN work/AND_Nbit 1606403219
FL C:/Users/DAVO_/Desktop/FINAL_PROJECT_RETILOGICHE_2020_2021/PROGETTO_RETILOGICHE_2020/BLOCK_1_TO_32bit.vhd 2020/10/25.18:44:45 P.20131013
EN work/BLOCK_1_TO_32bit 1606403217 \
      FL C:/Users/DAVO_/Desktop/FINAL_PROJECT_RETILOGICHE_2020_2021/PROGETTO_RETILOGICHE_2020/BLOCK_1_TO_32bit.vhd \
      PB ieee/std_logic_1164 1381692176
AR work/BLOCK_1_TO_32bit/RTL 1606403218 \
      FL C:/Users/DAVO_/Desktop/FINAL_PROJECT_RETILOGICHE_2020_2021/PROGETTO_RETILOGICHE_2020/BLOCK_1_TO_32bit.vhd \
      EN work/BLOCK_1_TO_32bit 1606403217
FL C:/Users/DAVO_/Desktop/FINAL_PROJECT_RETILOGICHE_2020_2021/PROGETTO_RETILOGICHE_2020/BLOCK_ASSIGNMENT_Q.vhd 2020/10/26.09:50:07 P.20131013
EN work/BLOCK_ASSIGNMENT_Q 1606403247 \
      FL C:/Users/DAVO_/Desktop/FINAL_PROJECT_RETILOGICHE_2020_2021/PROGETTO_RETILOGICHE_2020/BLOCK_ASSIGNMENT_Q.vhd \
      PB ieee/std_logic_1164 1381692176
AR work/BLOCK_ASSIGNMENT_Q/RTL 1606403248 \
      FL C:/Users/DAVO_/Desktop/FINAL_PROJECT_RETILOGICHE_2020_2021/PROGETTO_RETILOGICHE_2020/BLOCK_ASSIGNMENT_Q.vhd \
      EN work/BLOCK_ASSIGNMENT_Q 1606403247 CP BLOCK_1_TO_32bit CP AND_Nbit \
      CP OR_Nbit
FL C:/Users/DAVO_/Desktop/FINAL_PROJECT_RETILOGICHE_2020_2021/PROGETTO_RETILOGICHE_2020/BLOCK_ERROR_CHECK.vhd 2020/10/28.16:36:38 P.20131013
EN work/BLOCK_ERROR_CHECK 1606403243 \
      FL C:/Users/DAVO_/Desktop/FINAL_PROJECT_RETILOGICHE_2020_2021/PROGETTO_RETILOGICHE_2020/BLOCK_ERROR_CHECK.vhd \
      PB ieee/std_logic_1164 1381692176
AR work/BLOCK_ERROR_CHECK/RTL 1606403244 \
      FL C:/Users/DAVO_/Desktop/FINAL_PROJECT_RETILOGICHE_2020_2021/PROGETTO_RETILOGICHE_2020/BLOCK_ERROR_CHECK.vhd \
      EN work/BLOCK_ERROR_CHECK 1606403243 CP XOR_Nbit CP AND_Nbit
FL C:/Users/DAVO_/Desktop/FINAL_PROJECT_RETILOGICHE_2020_2021/PROGETTO_RETILOGICHE_2020/COUNTER.vhd 2020/10/26.17:07:44 P.20131013
EN work/COUNTER 1606403239 \
      FL C:/Users/DAVO_/Desktop/FINAL_PROJECT_RETILOGICHE_2020_2021/PROGETTO_RETILOGICHE_2020/COUNTER.vhd \
      PB ieee/std_logic_1164 1381692176
AR work/COUNTER/RTL 1606403240 \
      FL C:/Users/DAVO_/Desktop/FINAL_PROJECT_RETILOGICHE_2020_2021/PROGETTO_RETILOGICHE_2020/COUNTER.vhd \
      EN work/COUNTER 1606403239 CP FS_Nbit CP COUNTER_CONTROLLER
FL C:/Users/DAVO_/Desktop/FINAL_PROJECT_RETILOGICHE_2020_2021/PROGETTO_RETILOGICHE_2020/COUNTER_CONTROLLER.vhd 2020/11/24.19:14:43 P.20131013
EN work/COUNTER_CONTROLLER 1606403227 \
      FL C:/Users/DAVO_/Desktop/FINAL_PROJECT_RETILOGICHE_2020_2021/PROGETTO_RETILOGICHE_2020/COUNTER_CONTROLLER.vhd \
      PB ieee/std_logic_1164 1381692176
AR work/COUNTER_CONTROLLER/RTL 1606403228 \
      FL C:/Users/DAVO_/Desktop/FINAL_PROJECT_RETILOGICHE_2020_2021/PROGETTO_RETILOGICHE_2020/COUNTER_CONTROLLER.vhd \
      EN work/COUNTER_CONTROLLER 1606403227
FL C:/Users/DAVO_/Desktop/FINAL_PROJECT_RETILOGICHE_2020_2021/PROGETTO_RETILOGICHE_2020/DECODER_5_32.vhd 2020/10/07.09:11:03 P.20131013
EN work/DECODER_5_32 1606403245 \
      FL C:/Users/DAVO_/Desktop/FINAL_PROJECT_RETILOGICHE_2020_2021/PROGETTO_RETILOGICHE_2020/DECODER_5_32.vhd \
      PB ieee/std_logic_1164 1381692176
AR work/DECODER_5_32/RTL 1606403246 \
      FL C:/Users/DAVO_/Desktop/FINAL_PROJECT_RETILOGICHE_2020_2021/PROGETTO_RETILOGICHE_2020/DECODER_5_32.vhd \
      EN work/DECODER_5_32 1606403245
FL C:/Users/DAVO_/Desktop/FINAL_PROJECT_RETILOGICHE_2020_2021/PROGETTO_RETILOGICHE_2020/DIVIDER.vhd 2020/11/25.16:47:23 P.20131013
EN work/DIVIDER 1606403249 \
      FL C:/Users/DAVO_/Desktop/FINAL_PROJECT_RETILOGICHE_2020_2021/PROGETTO_RETILOGICHE_2020/DIVIDER.vhd \
      PB ieee/std_logic_1164 1381692176
AR work/DIVIDER/RTL 1606403250 \
      FL C:/Users/DAVO_/Desktop/FINAL_PROJECT_RETILOGICHE_2020_2021/PROGETTO_RETILOGICHE_2020/DIVIDER.vhd \
      EN work/DIVIDER 1606403249 CP SHIFTER CP MUX_2_1 CP FS_Nbit CP REG_PP CP FFD \
      CP FFD_DETECT_LEVEL CP COUNTER CP MUX_32_1 CP BLOCK_ERROR_CHECK \
      CP DECODER_5_32 CP BLOCK_ASSIGNMENT_Q
FL C:/Users/DAVO_/Desktop/FINAL_PROJECT_RETILOGICHE_2020_2021/PROGETTO_RETILOGICHE_2020/FDD_DETECT_LEVEL.vhd 2020/10/28.16:47:51 P.20131013
EN work/FFD_DETECT_LEVEL 1606403237 \
      FL C:/Users/DAVO_/Desktop/FINAL_PROJECT_RETILOGICHE_2020_2021/PROGETTO_RETILOGICHE_2020/FDD_DETECT_LEVEL.vhd \
      PB ieee/std_logic_1164 1381692176
AR work/FFD_DETECT_LEVEL/RTL 1606403238 \
      FL C:/Users/DAVO_/Desktop/FINAL_PROJECT_RETILOGICHE_2020_2021/PROGETTO_RETILOGICHE_2020/FDD_DETECT_LEVEL.vhd \
      EN work/FFD_DETECT_LEVEL 1606403237
FL C:/Users/DAVO_/Desktop/FINAL_PROJECT_RETILOGICHE_2020_2021/PROGETTO_RETILOGICHE_2020/FFD.vhd 2020/10/28.16:47:50 P.20131013
EN work/FFD 1606403229 \
      FL C:/Users/DAVO_/Desktop/FINAL_PROJECT_RETILOGICHE_2020_2021/PROGETTO_RETILOGICHE_2020/FFD.vhd \
      PB ieee/std_logic_1164 1381692176
AR work/FFD/RTL 1606403230 \
      FL C:/Users/DAVO_/Desktop/FINAL_PROJECT_RETILOGICHE_2020_2021/PROGETTO_RETILOGICHE_2020/FFD.vhd \
      EN work/FFD 1606403229
FL C:/Users/DAVO_/Desktop/FINAL_PROJECT_RETILOGICHE_2020_2021/PROGETTO_RETILOGICHE_2020/FS.vhd 2020/10/03.17:52:42 P.20131013
EN work/FS 1606403215 \
      FL C:/Users/DAVO_/Desktop/FINAL_PROJECT_RETILOGICHE_2020_2021/PROGETTO_RETILOGICHE_2020/FS.vhd \
      PB ieee/std_logic_1164 1381692176
AR work/FS/RTL 1606403216 \
      FL C:/Users/DAVO_/Desktop/FINAL_PROJECT_RETILOGICHE_2020_2021/PROGETTO_RETILOGICHE_2020/FS.vhd \
      EN work/FS 1606403215
FL C:/Users/DAVO_/Desktop/FINAL_PROJECT_RETILOGICHE_2020_2021/PROGETTO_RETILOGICHE_2020/FS_Nbit.vhd 2020/10/26.16:45:07 P.20131013
EN work/FS_Nbit 1606403225 \
      FL C:/Users/DAVO_/Desktop/FINAL_PROJECT_RETILOGICHE_2020_2021/PROGETTO_RETILOGICHE_2020/FS_Nbit.vhd \
      PB ieee/std_logic_1164 1381692176
AR work/FS_Nbit/RTL 1606403226 \
      FL C:/Users/DAVO_/Desktop/FINAL_PROJECT_RETILOGICHE_2020_2021/PROGETTO_RETILOGICHE_2020/FS_Nbit.vhd \
      EN work/FS_Nbit 1606403225 CP FS
FL C:/Users/DAVO_/Desktop/FINAL_PROJECT_RETILOGICHE_2020_2021/PROGETTO_RETILOGICHE_2020/MUX_2_1.vhd 2020/10/10.16:25:58 P.20131013
EN work/MUX_2_1 1606403233 \
      FL C:/Users/DAVO_/Desktop/FINAL_PROJECT_RETILOGICHE_2020_2021/PROGETTO_RETILOGICHE_2020/MUX_2_1.vhd \
      PB ieee/std_logic_1164 1381692176
AR work/MUX_2_1/RTL 1606403234 \
      FL C:/Users/DAVO_/Desktop/FINAL_PROJECT_RETILOGICHE_2020_2021/PROGETTO_RETILOGICHE_2020/MUX_2_1.vhd \
      EN work/MUX_2_1 1606403233
FL C:/Users/DAVO_/Desktop/FINAL_PROJECT_RETILOGICHE_2020_2021/PROGETTO_RETILOGICHE_2020/MUX_32_1.vhd 2020/10/27.14:22:01 P.20131013
EN work/MUX_32_1 1606403241 \
      FL C:/Users/DAVO_/Desktop/FINAL_PROJECT_RETILOGICHE_2020_2021/PROGETTO_RETILOGICHE_2020/MUX_32_1.vhd \
      PB ieee/std_logic_1164 1381692176
AR work/MUX_32_1/RTL 1606403242 \
      FL C:/Users/DAVO_/Desktop/FINAL_PROJECT_RETILOGICHE_2020_2021/PROGETTO_RETILOGICHE_2020/MUX_32_1.vhd \
      EN work/MUX_32_1 1606403241
FL C:/Users/DAVO_/Desktop/FINAL_PROJECT_RETILOGICHE_2020_2021/PROGETTO_RETILOGICHE_2020/NAND.vhd 2020/10/07.09:08:31 P.20131013
EN work/NAND_Nbit 1603620640 \
      FL C:/Users/DAVO_/Desktop/FINAL_PROJECT_RETILOGICHE_2020_2021/PROGETTO_RETILOGICHE_2020/NAND.vhd \
      PB ieee/std_logic_1164 1381692176
AR work/NAND_Nbit/RTL 1603620641 \
      FL C:/Users/DAVO_/Desktop/FINAL_PROJECT_RETILOGICHE_2020_2021/PROGETTO_RETILOGICHE_2020/NAND.vhd \
      EN work/NAND_Nbit 1603620640
FL C:/Users/DAVO_/Desktop/FINAL_PROJECT_RETILOGICHE_2020_2021/PROGETTO_RETILOGICHE_2020/OR.vhd 2020/10/07.09:09:27 P.20131013
EN work/OR_Nbit 1606403221 \
      FL C:/Users/DAVO_/Desktop/FINAL_PROJECT_RETILOGICHE_2020_2021/PROGETTO_RETILOGICHE_2020/OR.vhd \
      PB ieee/std_logic_1164 1381692176
AR work/OR_Nbit/RTL 1606403222 \
      FL C:/Users/DAVO_/Desktop/FINAL_PROJECT_RETILOGICHE_2020_2021/PROGETTO_RETILOGICHE_2020/OR.vhd \
      EN work/OR_Nbit 1606403221
FL C:/Users/DAVO_/Desktop/FINAL_PROJECT_RETILOGICHE_2020_2021/PROGETTO_RETILOGICHE_2020/REG_PP.vhd 2020/10/28.16:47:50 P.20131013
EN work/REG_PP 1606403235 \
      FL C:/Users/DAVO_/Desktop/FINAL_PROJECT_RETILOGICHE_2020_2021/PROGETTO_RETILOGICHE_2020/REG_PP.vhd \
      PB ieee/std_logic_1164 1381692176
AR work/REG_PP/RTL 1606403236 \
      FL C:/Users/DAVO_/Desktop/FINAL_PROJECT_RETILOGICHE_2020_2021/PROGETTO_RETILOGICHE_2020/REG_PP.vhd \
      EN work/REG_PP 1606403235 CP FFD
FL C:/Users/DAVO_/Desktop/FINAL_PROJECT_RETILOGICHE_2020_2021/PROGETTO_RETILOGICHE_2020/SHIFTER.vhd 2020/10/07.08:39:39 P.20131013
EN work/SHIFTER 1606403231 \
      FL C:/Users/DAVO_/Desktop/FINAL_PROJECT_RETILOGICHE_2020_2021/PROGETTO_RETILOGICHE_2020/SHIFTER.vhd \
      PB ieee/std_logic_1164 1381692176
AR work/SHIFTER/RTL 1606403232 \
      FL C:/Users/DAVO_/Desktop/FINAL_PROJECT_RETILOGICHE_2020_2021/PROGETTO_RETILOGICHE_2020/SHIFTER.vhd \
      EN work/SHIFTER 1606403231
FL C:/Users/DAVO_/Desktop/FINAL_PROJECT_RETILOGICHE_2020_2021/PROGETTO_RETILOGICHE_2020/TO_1bit_DONE.vhd 2020/10/07.10:15:48 P.20131013
EN work/TO_1bit_DONE 1602689187 \
      FL C:/Users/DAVO_/Desktop/FINAL_PROJECT_RETILOGICHE_2020_2021/PROGETTO_RETILOGICHE_2020/TO_1bit_DONE.vhd \
      PB ieee/std_logic_1164 1381692176
AR work/TO_1bit_DONE/RTL 1602689188 \
      FL C:/Users/DAVO_/Desktop/FINAL_PROJECT_RETILOGICHE_2020_2021/PROGETTO_RETILOGICHE_2020/TO_1bit_DONE.vhd \
      EN work/TO_1bit_DONE 1602689187
FL C:/Users/DAVO_/Desktop/FINAL_PROJECT_RETILOGICHE_2020_2021/PROGETTO_RETILOGICHE_2020/TO_1bit_ERROR.vhd 2020/10/07.09:15:45 P.20131013
EN work/TO_1bit_ERROR 1603620670 \
      FL C:/Users/DAVO_/Desktop/FINAL_PROJECT_RETILOGICHE_2020_2021/PROGETTO_RETILOGICHE_2020/TO_1bit_ERROR.vhd \
      PB ieee/std_logic_1164 1381692176
AR work/TO_1bit_ERROR/RTL 1603620671 \
      FL C:/Users/DAVO_/Desktop/FINAL_PROJECT_RETILOGICHE_2020_2021/PROGETTO_RETILOGICHE_2020/TO_1bit_ERROR.vhd \
      EN work/TO_1bit_ERROR 1603620670
FL C:/Users/DAVO_/Desktop/FINAL_PROJECT_RETILOGICHE_2020_2021/PROGETTO_RETILOGICHE_2020/XOR.vhd 2020/10/25.12:30:57 P.20131013
EN work/XOR_Nbit 1606403223 \
      FL C:/Users/DAVO_/Desktop/FINAL_PROJECT_RETILOGICHE_2020_2021/PROGETTO_RETILOGICHE_2020/XOR.vhd \
      PB ieee/std_logic_1164 1381692176
AR work/XOR_Nbit/RTL 1606403224 \
      FL C:/Users/DAVO_/Desktop/FINAL_PROJECT_RETILOGICHE_2020_2021/PROGETTO_RETILOGICHE_2020/XOR.vhd \
      EN work/XOR_Nbit 1606403223
FL "C:/Users/DAVO_/Desktop/Progetto Reti Logiche 2020_21/PROGETTO_RETILOGICHE_2020/AND.vhd" 2020/10/07.10:08:52 P.20131013
FL "C:/Users/DAVO_/Desktop/Progetto Reti Logiche 2020_21/PROGETTO_RETILOGICHE_2020/BLOCK_1_TO_32bit.vhd" 2020/10/07.10:12:34 P.20131013
FL "C:/Users/DAVO_/Desktop/Progetto Reti Logiche 2020_21/PROGETTO_RETILOGICHE_2020/COUNTER.vhd" 2020/10/07.11:17:53 P.20131013
FL "C:/Users/DAVO_/Desktop/Progetto Reti Logiche 2020_21/PROGETTO_RETILOGICHE_2020/DECODER_32_1.vhd" 2020/10/06.18:02:31 P.20131013
EN work/DECODER_32_1 1602000641 \
      FL "C:/Users/DAVO_/Desktop/Progetto Reti Logiche 2020_21/PROGETTO_RETILOGICHE_2020/DECODER_32_1.vhd" \
      PB ieee/std_logic_1164 1381692176
AR work/DECODER_32_1/RTL 1602000642 \
      FL "C:/Users/DAVO_/Desktop/Progetto Reti Logiche 2020_21/PROGETTO_RETILOGICHE_2020/DECODER_32_1.vhd" \
      EN work/DECODER_32_1 1602000641
FL "C:/Users/DAVO_/Desktop/Progetto Reti Logiche 2020_21/PROGETTO_RETILOGICHE_2020/DECODER_5_1.vhd" 2020/10/06.18:10:10 P.20131013
EN work/DECODER_5_1 1602000643 \
      FL "C:/Users/DAVO_/Desktop/Progetto Reti Logiche 2020_21/PROGETTO_RETILOGICHE_2020/DECODER_5_1.vhd" \
      PB ieee/std_logic_1164 1381692176
AR work/DECODER_5_1/RTL 1602000644 \
      FL "C:/Users/DAVO_/Desktop/Progetto Reti Logiche 2020_21/PROGETTO_RETILOGICHE_2020/DECODER_5_1.vhd" \
      EN work/DECODER_5_1 1602000643
FL "C:/Users/DAVO_/Desktop/Progetto Reti Logiche 2020_21/PROGETTO_RETILOGICHE_2020/DECODER_5_32.vhd" 2020/10/07.10:11:03 P.20131013
FL "C:/Users/DAVO_/Desktop/Progetto Reti Logiche 2020_21/PROGETTO_RETILOGICHE_2020/DECODER_N_N.vhd" 2020/10/04.10:33:29 P.20131013
EN work/DECODER_N_N 1601801183 \
      FL "C:/Users/DAVO_/Desktop/Progetto Reti Logiche 2020_21/PROGETTO_RETILOGICHE_2020/DECODER_N_N.vhd" \
      PB ieee/std_logic_1164 1381692176
AR work/DECODER_N_N/RTL 1601801184 \
      FL "C:/Users/DAVO_/Desktop/Progetto Reti Logiche 2020_21/PROGETTO_RETILOGICHE_2020/DECODER_N_N.vhd" \
      EN work/DECODER_N_N 1601801183
FL "C:/Users/DAVO_/Desktop/Progetto Reti Logiche 2020_21/PROGETTO_RETILOGICHE_2020/DFF.vhd" 2020/10/06.09:47:16 P.20131013
EN work/DFF 1601970447 \
      FL "C:/Users/DAVO_/Desktop/Progetto Reti Logiche 2020_21/PROGETTO_RETILOGICHE_2020/DFF.vhd" \
      PB ieee/std_logic_1164 1381692176
AR work/DFF/RTL 1601970448 \
      FL "C:/Users/DAVO_/Desktop/Progetto Reti Logiche 2020_21/PROGETTO_RETILOGICHE_2020/DFF.vhd" \
      EN work/DFF 1601970447
FL "C:/Users/DAVO_/Desktop/Progetto Reti Logiche 2020_21/PROGETTO_RETILOGICHE_2020/DIVIDER.vhd" 2020/10/07.11:13:04 P.20131013
FL "C:/Users/DAVO_/Desktop/Progetto Reti Logiche 2020_21/PROGETTO_RETILOGICHE_2020/FS.vhd" 2020/10/03.18:52:42 P.20131013
FL "C:/Users/DAVO_/Desktop/Progetto Reti Logiche 2020_21/PROGETTO_RETILOGICHE_2020/FS32.vhd" 2020/10/06.09:26:43 P.20131013
FL "C:/Users/DAVO_/Desktop/Progetto Reti Logiche 2020_21/PROGETTO_RETILOGICHE_2020/FS_Nbit.vhd" 2020/10/07.09:50:58 P.20131013
FL "C:/Users/DAVO_/Desktop/Progetto Reti Logiche 2020_21/PROGETTO_RETILOGICHE_2020/MUX_2_1.vhd" 2020/10/07.10:59:55 P.20131013
FL "C:/Users/DAVO_/Desktop/Progetto Reti Logiche 2020_21/PROGETTO_RETILOGICHE_2020/MUX_32_1.vhd" 2020/10/07.10:05:48 P.20131013
FL "C:/Users/DAVO_/Desktop/Progetto Reti Logiche 2020_21/PROGETTO_RETILOGICHE_2020/NAND.vhd" 2020/10/07.10:08:31 P.20131013
FL "C:/Users/DAVO_/Desktop/Progetto Reti Logiche 2020_21/PROGETTO_RETILOGICHE_2020/OR.vhd" 2020/10/07.10:09:27 P.20131013
FL "C:/Users/DAVO_/Desktop/Progetto Reti Logiche 2020_21/PROGETTO_RETILOGICHE_2020/REG_PP.vhd" 2020/10/07.11:18:51 P.20131013
FL "C:/Users/DAVO_/Desktop/Progetto Reti Logiche 2020_21/PROGETTO_RETILOGICHE_2020/SHIFTER.vhd" 2020/10/07.09:39:39 P.20131013
FL "C:/Users/DAVO_/Desktop/Progetto Reti Logiche 2020_21/PROGETTO_RETILOGICHE_2020/TO_1bit_DONE.vhd" 2020/10/07.10:15:48 P.20131013
FL "C:/Users/DAVO_/Desktop/Progetto Reti Logiche 2020_21/PROGETTO_RETILOGICHE_2020/TO_1bit_ERROR.vhd" 2020/10/07.10:15:45 P.20131013
FL "C:/Users/DAVO_/Desktop/Progetto Reti Logiche 2020_21/PROGETTO_RETILOGICHE_2020/XOR.vhd" 2020/10/07.10:08:28 P.20131013
